Archive member included to satisfy reference by file (symbol)

f:/tri/stm32cubeide/stm32cubeide_1.11.0/stm32cubeide/plugins/com.st.stm32cube.ide.mcu.externaltools.gnu-tools-for-stm32.10.3-2021.10.win32_1.0.100.202210260954/tools/bin/../lib/gcc/arm-none-eabi/10.3.1/../../../../arm-none-eabi/lib/thumb/v7e-m+fp/hard\libc_nano.a(lib_a-errno.o)
                              ./Core/Src/syscalls.o (__errno)
f:/tri/stm32cubeide/stm32cubeide_1.11.0/stm32cubeide/plugins/com.st.stm32cube.ide.mcu.externaltools.gnu-tools-for-stm32.10.3-2021.10.win32_1.0.100.202210260954/tools/bin/../lib/gcc/arm-none-eabi/10.3.1/../../../../arm-none-eabi/lib/thumb/v7e-m+fp/hard\libc_nano.a(lib_a-exit.o)
                              f:/tri/stm32cubeide/stm32cubeide_1.11.0/stm32cubeide/plugins/com.st.stm32cube.ide.mcu.externaltools.gnu-tools-for-stm32.10.3-2021.10.win32_1.0.100.202210260954/tools/bin/../lib/gcc/arm-none-eabi/10.3.1/../../../../arm-none-eabi/lib/thumb/v7e-m+fp/hard/crt0.o (exit)
f:/tri/stm32cubeide/stm32cubeide_1.11.0/stm32cubeide/plugins/com.st.stm32cube.ide.mcu.externaltools.gnu-tools-for-stm32.10.3-2021.10.win32_1.0.100.202210260954/tools/bin/../lib/gcc/arm-none-eabi/10.3.1/../../../../arm-none-eabi/lib/thumb/v7e-m+fp/hard\libc_nano.a(lib_a-impure.o)
                              f:/tri/stm32cubeide/stm32cubeide_1.11.0/stm32cubeide/plugins/com.st.stm32cube.ide.mcu.externaltools.gnu-tools-for-stm32.10.3-2021.10.win32_1.0.100.202210260954/tools/bin/../lib/gcc/arm-none-eabi/10.3.1/../../../../arm-none-eabi/lib/thumb/v7e-m+fp/hard\libc_nano.a(lib_a-exit.o) (_global_impure_ptr)
f:/tri/stm32cubeide/stm32cubeide_1.11.0/stm32cubeide/plugins/com.st.stm32cube.ide.mcu.externaltools.gnu-tools-for-stm32.10.3-2021.10.win32_1.0.100.202210260954/tools/bin/../lib/gcc/arm-none-eabi/10.3.1/../../../../arm-none-eabi/lib/thumb/v7e-m+fp/hard\libc_nano.a(lib_a-init.o)
                              f:/tri/stm32cubeide/stm32cubeide_1.11.0/stm32cubeide/plugins/com.st.stm32cube.ide.mcu.externaltools.gnu-tools-for-stm32.10.3-2021.10.win32_1.0.100.202210260954/tools/bin/../lib/gcc/arm-none-eabi/10.3.1/../../../../arm-none-eabi/lib/thumb/v7e-m+fp/hard/crt0.o (__libc_init_array)
f:/tri/stm32cubeide/stm32cubeide_1.11.0/stm32cubeide/plugins/com.st.stm32cube.ide.mcu.externaltools.gnu-tools-for-stm32.10.3-2021.10.win32_1.0.100.202210260954/tools/bin/../lib/gcc/arm-none-eabi/10.3.1/../../../../arm-none-eabi/lib/thumb/v7e-m+fp/hard\libc_nano.a(lib_a-memcpy-stub.o)
                              ./Middlewares/Third_Party/FreeRTOS/Source/CMSIS_RTOS_V2/cmsis_os2.o (memcpy)
f:/tri/stm32cubeide/stm32cubeide_1.11.0/stm32cubeide/plugins/com.st.stm32cube.ide.mcu.externaltools.gnu-tools-for-stm32.10.3-2021.10.win32_1.0.100.202210260954/tools/bin/../lib/gcc/arm-none-eabi/10.3.1/../../../../arm-none-eabi/lib/thumb/v7e-m+fp/hard\libc_nano.a(lib_a-memset.o)
                              f:/tri/stm32cubeide/stm32cubeide_1.11.0/stm32cubeide/plugins/com.st.stm32cube.ide.mcu.externaltools.gnu-tools-for-stm32.10.3-2021.10.win32_1.0.100.202210260954/tools/bin/../lib/gcc/arm-none-eabi/10.3.1/../../../../arm-none-eabi/lib/thumb/v7e-m+fp/hard/crt0.o (memset)
f:/tri/stm32cubeide/stm32cubeide_1.11.0/stm32cubeide/plugins/com.st.stm32cube.ide.mcu.externaltools.gnu-tools-for-stm32.10.3-2021.10.win32_1.0.100.202210260954/tools/bin/../lib/gcc/arm-none-eabi/10.3.1/../../../../arm-none-eabi/lib/thumb/v7e-m+fp/hard\libc_nano.a(lib_a-nano-vfprintf_float.o)
                              (_printf_float)
f:/tri/stm32cubeide/stm32cubeide_1.11.0/stm32cubeide/plugins/com.st.stm32cube.ide.mcu.externaltools.gnu-tools-for-stm32.10.3-2021.10.win32_1.0.100.202210260954/tools/bin/../lib/gcc/arm-none-eabi/10.3.1/../../../../arm-none-eabi/lib/thumb/v7e-m+fp/hard\libc_nano.a(lib_a-nano-vfprintf_i.o)
                              f:/tri/stm32cubeide/stm32cubeide_1.11.0/stm32cubeide/plugins/com.st.stm32cube.ide.mcu.externaltools.gnu-tools-for-stm32.10.3-2021.10.win32_1.0.100.202210260954/tools/bin/../lib/gcc/arm-none-eabi/10.3.1/../../../../arm-none-eabi/lib/thumb/v7e-m+fp/hard\libc_nano.a(lib_a-nano-vfprintf_float.o) (_printf_common)
f:/tri/stm32cubeide/stm32cubeide_1.11.0/stm32cubeide/plugins/com.st.stm32cube.ide.mcu.externaltools.gnu-tools-for-stm32.10.3-2021.10.win32_1.0.100.202210260954/tools/bin/../lib/gcc/arm-none-eabi/10.3.1/../../../../arm-none-eabi/lib/thumb/v7e-m+fp/hard\libc_nano.a(lib_a-sprintf.o)
                              ./Core/Src/main.o (sprintf)
f:/tri/stm32cubeide/stm32cubeide_1.11.0/stm32cubeide/plugins/com.st.stm32cube.ide.mcu.externaltools.gnu-tools-for-stm32.10.3-2021.10.win32_1.0.100.202210260954/tools/bin/../lib/gcc/arm-none-eabi/10.3.1/../../../../arm-none-eabi/lib/thumb/v7e-m+fp/hard\libc_nano.a(lib_a-strlen.o)
                              ./Core/Src/main.o (strlen)
[...]
Memory Configuration

Name             Origin             Length             Attributes
RAM              0x0000000020000000 0x0000000000020000 xrw
FLASH            0x0000000008000000 0x0000000000080000 xr
*default*        0x0000000000000000 0xffffffffffffffff

Linker script and memory map

LOAD f:/tri/stm32cubeide/stm32cubeide_1.11.0/stm32cubeide/plugins/com.st.stm32cube.ide.mcu.externaltools.gnu-tools-for-stm32.10.3-2021.10.win32_1.0.100.202210260954/tools/bin/../lib/gcc/arm-none-eabi/10.3.1/thumb/v7e-m+fp/hard/crti.o
LOAD f:/tri/stm32cubeide/stm32cubeide_1.11.0/stm32cubeide/plugins/com.st.stm32cube.ide.mcu.externaltools.gnu-tools-for-stm32.10.3-2021.10.win32_1.0.100.202210260954/tools/bin/../lib/gcc/arm-none-eabi/10.3.1/thumb/v7e-m+fp/hard/crtbegin.o
LOAD f:/tri/stm32cubeide/stm32cubeide_1.11.0/stm32cubeide/plugins/com.st.stm32cube.ide.mcu.externaltools.gnu-tools-for-stm32.10.3-2021.10.win32_1.0.100.202210260954/tools/bin/../lib/gcc/arm-none-eabi/10.3.1/../../../../arm-none-eabi/lib/thumb/v7e-m+fp/hard/crt0.o
LOAD ./Core/Src/freertos.o
LOAD ./Core/Src/main.o
LOAD ./Core/Src/stm32f4xx_hal_msp.o
LOAD ./Core/Src/stm32f4xx_it.o
LOAD ./Core/Src/syscalls.o
LOAD ./Core/Src/sysmem.o
LOAD ./Core/Src/system_stm32f4xx.o
LOAD ./Core/Startup/startup_stm32f411vetx.o
LOAD ./Drivers/STM32F4xx_HAL_Driver/Src/stm32f4xx_hal.o
LOAD ./Drivers/STM32F4xx_HAL_Driver/Src/stm32f4xx_hal_cortex.o
LOAD ./Drivers/STM32F4xx_HAL_Driver/Src/stm32f4xx_hal_dma.o
LOAD ./Drivers/STM32F4xx_HAL_Driver/Src/stm32f4xx_hal_dma_ex.o
LOAD ./Drivers/STM32F4xx_HAL_Driver/Src/stm32f4xx_hal_exti.o
LOAD ./Drivers/STM32F4xx_HAL_Driver/Src/stm32f4xx_hal_flash.o
LOAD ./Drivers/STM32F4xx_HAL_Driver/Src/stm32f4xx_hal_flash_ex.o
LOAD ./Drivers/STM32F4xx_HAL_Driver/Src/stm32f4xx_hal_flash_ramfunc.o
LOAD ./Drivers/STM32F4xx_HAL_Driver/Src/stm32f4xx_hal_gpio.o
LOAD ./Drivers/STM32F4xx_HAL_Driver/Src/stm32f4xx_hal_pwr.o
LOAD ./Drivers/STM32F4xx_HAL_Driver/Src/stm32f4xx_hal_pwr_ex.o
LOAD ./Drivers/STM32F4xx_HAL_Driver/Src/stm32f4xx_hal_rcc.o
LOAD ./Drivers/STM32F4xx_HAL_Driver/Src/stm32f4xx_hal_rcc_ex.o
LOAD ./Drivers/STM32F4xx_HAL_Driver/Src/stm32f4xx_hal_tim.o
LOAD ./Drivers/STM32F4xx_HAL_Driver/Src/stm32f4xx_hal_tim_ex.o
LOAD ./Middlewares/Third_Party/FreeRTOS/Source/CMSIS_RTOS_V2/cmsis_os2.o
LOAD ./Middlewares/Third_Party/FreeRTOS/Source/croutine.o
LOAD ./Middlewares/Third_Party/FreeRTOS/Source/event_groups.o
LOAD ./Middlewares/Third_Party/FreeRTOS/Source/list.o
LOAD ./Middlewares/Third_Party/FreeRTOS/Source/queue.o
LOAD ./Middlewares/Third_Party/FreeRTOS/Source/stream_buffer.o
LOAD ./Middlewares/Third_Party/FreeRTOS/Source/tasks.o
LOAD ./Middlewares/Third_Party/FreeRTOS/Source/timers.o
LOAD ./Middlewares/Third_Party/FreeRTOS/Source/portable/GCC/ARM_CM4F/port.o
LOAD ./Middlewares/Third_Party/FreeRTOS/Source/portable/MemMang/heap_4.o
START GROUP
LOAD f:/tri/stm32cubeide/stm32cubeide_1.11.0/stm32cubeide/plugins/com.st.stm32cube.ide.mcu.externaltools.gnu-tools-for-stm32.10.3-2021.10.win32_1.0.100.202210260954/tools/bin/../lib/gcc/arm-none-eabi/10.3.1/../../../../arm-none-eabi/lib/thumb/v7e-m+fp/hard\libc_nano.a
LOAD f:/tri/stm32cubeide/stm32cubeide_1.11.0/stm32cubeide/plugins/com.st.stm32cube.ide.mcu.externaltools.gnu-tools-for-stm32.10.3-2021.10.win32_1.0.100.202210260954/tools/bin/../lib/gcc/arm-none-eabi/10.3.1/../../../../arm-none-eabi/lib/thumb/v7e-m+fp/hard\libm.a
END GROUP
START GROUP
LOAD f:/tri/stm32cubeide/stm32cubeide_1.11.0/stm32cubeide/plugins/com.st.stm32cube.ide.mcu.externaltools.gnu-tools-for-stm32.10.3-2021.10.win32_1.0.100.202210260954/tools/bin/../lib/gcc/arm-none-eabi/10.3.1/thumb/v7e-m+fp/hard\libgcc.a
LOAD f:/tri/stm32cubeide/stm32cubeide_1.11.0/stm32cubeide/plugins/com.st.stm32cube.ide.mcu.externaltools.gnu-tools-for-stm32.10.3-2021.10.win32_1.0.100.202210260954/tools/bin/../lib/gcc/arm-none-eabi/10.3.1/../../../../arm-none-eabi/lib/thumb/v7e-m+fp/hard\libc_nano.a
END GROUP
START GROUP
LOAD f:/tri/stm32cubeide/stm32cubeide_1.11.0/stm32cubeide/plugins/com.st.stm32cube.ide.mcu.externaltools.gnu-tools-for-stm32.10.3-2021.10.win32_1.0.100.202210260954/tools/bin/../lib/gcc/arm-none-eabi/10.3.1/thumb/v7e-m+fp/hard\libgcc.a
LOAD f:/tri/stm32cubeide/stm32cubeide_1.11.0/stm32cubeide/plugins/com.st.stm32cube.ide.mcu.externaltools.gnu-tools-for-stm32.10.3-2021.10.win32_1.0.100.202210260954/tools/bin/../lib/gcc/arm-none-eabi/10.3.1/../../../../arm-none-eabi/lib/thumb/v7e-m+fp/hard\libc_nano.a
LOAD f:/tri/stm32cubeide/stm32cubeide_1.11.0/stm32cubeide/plugins/com.st.stm32cube.ide.mcu.externaltools.gnu-tools-for-stm32.10.3-2021.10.win32_1.0.100.202210260954/tools/bin/../lib/gcc/arm-none-eabi/10.3.1/../../../../arm-none-eabi/lib/thumb/v7e-m+fp/hard\libnosys.a
END GROUP
START GROUP
LOAD f:/tri/stm32cubeide/stm32cubeide_1.11.0/stm32cubeide/plugins/com.st.stm32cube.ide.mcu.externaltools.gnu-tools-for-stm32.10.3-2021.10.win32_1.0.100.202210260954/tools/bin/../lib/gcc/arm-none-eabi/10.3.1/thumb/v7e-m+fp/hard\libgcc.a
LOAD f:/tri/stm32cubeide/stm32cubeide_1.11.0/stm32cubeide/plugins/com.st.stm32cube.ide.mcu.externaltools.gnu-tools-for-stm32.10.3-2021.10.win32_1.0.100.202210260954/tools/bin/../lib/gcc/arm-none-eabi/10.3.1/../../../../arm-none-eabi/lib/thumb/v7e-m+fp/hard\libc_nano.a
LOAD f:/tri/stm32cubeide/stm32cubeide_1.11.0/stm32cubeide/plugins/com.st.stm32cube.ide.mcu.externaltools.gnu-tools-for-stm32.10.3-2021.10.win32_1.0.100.202210260954/tools/bin/../lib/gcc/arm-none-eabi/10.3.1/../../../../arm-none-eabi/lib/thumb/v7e-m+fp/hard\libnosys.a
END GROUP
LOAD f:/tri/stm32cubeide/stm32cubeide_1.11.0/stm32cubeide/plugins/com.st.stm32cube.ide.mcu.externaltools.gnu-tools-for-stm32.10.3-2021.10.win32_1.0.100.202210260954/tools/bin/../lib/gcc/arm-none-eabi/10.3.1/thumb/v7e-m+fp/hard/crtend.o
LOAD f:/tri/stm32cubeide/stm32cubeide_1.11.0/stm32cubeide/plugins/com.st.stm32cube.ide.mcu.externaltools.gnu-tools-for-stm32.10.3-2021.10.win32_1.0.100.202210260954/tools/bin/../lib/gcc/arm-none-eabi/10.3.1/thumb/v7e-m+fp/hard/crtn.o
                0x0000000020020000                _estack = (ORIGIN (RAM) + LENGTH (RAM))
                0x0000000000000200                _Min_Heap_Size = 0x200
                0x0000000000000400                _Min_Stack_Size = 0x400

.isr_vector     0x0000000008000000      0x198
                0x0000000008000000                . = ALIGN (0x4)
 *(.isr_vector)
 .isr_vector    0x0000000008000000      0x198 ./Core/Startup/startup_stm32f411vetx.o
                0x0000000008000000                g_pfnVectors
                0x0000000008000198                . = ALIGN (0x4)

.text           0x00000000080001a0     0x98ac
                0x00000000080001a0                . = ALIGN (0x4)
 *(.text)
 .text          0x00000000080001a0       0x40 f:/tri/stm32cubeide/stm32cubeide_1.11.0/stm32cubeide/plugins/com.st.stm32cube.ide.mcu.externaltools.gnu-tools-for-stm32.10.3-2021.10.win32_1.0.100.202210260954/tools/bin/../lib/gcc/arm-none-eabi/10.3.1/thumb/v7e-m+fp/hard/crtbegin.o
 .text          0x00000000080001e0       0x10 f:/tri/stm32cubeide/stm32cubeide_1.11.0/stm32cubeide/plugins/com.st.stm32cube.ide.mcu.externaltools.gnu-tools-for-stm32.10.3-2021.10.win32_1.0.100.202210260954/tools/bin/../lib/gcc/arm-none-eabi/10.3.1/../../../../arm-none-eabi/lib/thumb/v7e-m+fp/hard\libc_nano.a(lib_a-strlen.o)
                0x00000000080001e0                strlen
 .text          0x00000000080001f0       0xa0 f:/tri/stm32cubeide/stm32cubeide_1.11.0/stm32cubeide/plugins/com.st.stm32cube.ide.mcu.externaltools.gnu-tools-for-stm32.10.3-2021.10.win32_1.0.100.202210260954/tools/bin/../lib/gcc/arm-none-eabi/10.3.1/../../../../arm-none-eabi/lib/thumb/v7e-m+fp/hard\libc_nano.a(lib_a-memchr.o)
                0x00000000080001f0                memchr
 .text          0x0000000008000290      0x378 f:/tri/stm32cubeide/stm32cubeide_1.11.0/stm32cubeide/plugins/com.st.stm32cube.ide.mcu.externaltools.gnu-tools-for-stm32.10.3-2021.10.win32_1.0.100.202210260954/tools/bin/../lib/gcc/arm-none-eabi/10.3.1/thumb/v7e-m+fp/hard\libgcc.a(_arm_addsubdf3.o)
                0x0000000008000290                __aeabi_drsub
                0x0000000008000298                __aeabi_dsub
                0x0000000008000298                __subdf3
                0x000000000800029c                __aeabi_dadd
                0x000000000800029c                __adddf3
                0x0000000008000514                __floatunsidf
                0x0000000008000514                __aeabi_ui2d
                0x0000000008000534                __floatsidf
                0x0000000008000534                __aeabi_i2d
                0x0000000008000558                __aeabi_f2d
                0x0000000008000558                __extendsfdf2
                0x000000000800059c                __floatundidf
                0x000000000800059c                __aeabi_ul2d
                0x00000000080005ac                __floatdidf
                0x00000000080005ac                __aeabi_l2d
 .text          0x0000000008000608      0x424 f:/tri/stm32cubeide/stm32cubeide_1.11.0/stm32cubeide/plugins/com.st.stm32cube.ide.mcu.externaltools.gnu-tools-for-stm32.10.3-2021.10.win32_1.0.100.202210260954/tools/bin/../lib/gcc/arm-none-eabi/10.3.1/thumb/v7e-m+fp/hard\libgcc.a(_arm_muldivdf3.o)
                0x0000000008000608                __aeabi_dmul
                0x0000000008000608                __muldf3
                0x000000000800085c                __divdf3
                0x000000000800085c                __aeabi_ddiv
 .text          0x0000000008000a2c      0x110 f:/tri/stm32cubeide/stm32cubeide_1.11.0/stm32cubeide/plugins/com.st.stm32cube.ide.mcu.externaltools.gnu-tools-for-stm32.10.3-2021.10.win32_1.0.100.202210260954/tools/bin/../lib/gcc/arm-none-eabi/10.3.1/thumb/v7e-m+fp/hard\libgcc.a(_arm_cmpdf2.o)
                0x0000000008000a2c                __gtdf2
                0x0000000008000a2c                __gedf2
                0x0000000008000a34                __ltdf2
                0x0000000008000a34                __ledf2
                0x0000000008000a3c                __nedf2
                0x0000000008000a3c                __eqdf2
                0x0000000008000a3c                __cmpdf2
                0x0000000008000ab8                __aeabi_cdrcmple
                0x0000000008000ac8                __aeabi_cdcmpeq
                0x0000000008000ac8                __aeabi_cdcmple
                0x0000000008000ad8                __aeabi_dcmpeq
                0x0000000008000aec                __aeabi_dcmplt
                0x0000000008000b00                __aeabi_dcmple
                0x0000000008000b14                __aeabi_dcmpge
                0x0000000008000b28                __aeabi_dcmpgt
 .text          0x0000000008000b3c       0x2c f:/tri/stm32cubeide/stm32cubeide_1.11.0/stm32cubeide/plugins/com.st.stm32cube.ide.mcu.externaltools.gnu-tools-for-stm32.10.3-2021.10.win32_1.0.100.202210260954/tools/bin/../lib/gcc/arm-none-eabi/10.3.1/thumb/v7e-m+fp/hard\libgcc.a(_arm_unorddf2.o)
                0x0000000008000b3c                __unorddf2
                0x0000000008000b3c                __aeabi_dcmpun
 .text          0x0000000008000b68       0x50 f:/tri/stm32cubeide/stm32cubeide_1.11.0/stm32cubeide/plugins/com.st.stm32cube.ide.mcu.externaltools.gnu-tools-for-stm32.10.3-2021.10.win32_1.0.100.202210260954/tools/bin/../lib/gcc/arm-none-eabi/10.3.1/thumb/v7e-m+fp/hard\libgcc.a(_arm_fixdfsi.o)
                0x0000000008000b68                __aeabi_d2iz
                0x0000000008000b68                __fixdfsi
 .text          0x0000000008000bb8       0xa0 f:/tri/stm32cubeide/stm32cubeide_1.11.0/stm32cubeide/plugins/com.st.stm32cube.ide.mcu.externaltools.gnu-tools-for-stm32.10.3-2021.10.win32_1.0.100.202210260954/tools/bin/../lib/gcc/arm-none-eabi/10.3.1/thumb/v7e-m+fp/hard\libgcc.a(_arm_truncdfsf2.o)
                0x0000000008000bb8                __truncdfsf2
                0x0000000008000bb8                __aeabi_d2f
 .text          0x0000000008000c58       0x30 f:/tri/stm32cubeide/stm32cubeide_1.11.0/stm32cubeide/plugins/com.st.stm32cube.ide.mcu.externaltools.gnu-tools-for-stm32.10.3-2021.10.win32_1.0.100.202210260954/tools/bin/../lib/gcc/arm-none-eabi/10.3.1/thumb/v7e-m+fp/hard\libgcc.a(_aeabi_uldivmod.o)
                0x0000000008000c58                __aeabi_uldivmod
 .text          0x0000000008000c88      0x2d0 f:/tri/stm32cubeide/stm32cubeide_1.11.0/stm32cubeide/plugins/com.st.stm32cube.ide.mcu.externaltools.gnu-tools-for-stm32.10.3-2021.10.win32_1.0.100.202210260954/tools/bin/../lib/gcc/arm-none-eabi/10.3.1/thumb/v7e-m+fp/hard\libgcc.a(_udivmoddi4.o)
                0x0000000008000c88                __udivmoddi4
 .text          0x0000000008000f58        0x4 f:/tri/stm32cubeide/stm32cubeide_1.11.0/stm32cubeide/plugins/com.st.stm32cube.ide.mcu.externaltools.gnu-tools-for-stm32.10.3-2021.10.win32_1.0.100.202210260954/tools/bin/../lib/gcc/arm-none-eabi/10.3.1/thumb/v7e-m+fp/hard\libgcc.a(_dvmd_tls.o)
                0x0000000008000f58                __aeabi_idiv0
                0x0000000008000f58                __aeabi_ldiv0
 *(.text*)
 .text.ADC_Init
                0x0000000008000f5c       0xcc ./Core/Src/main.o
                0x0000000008000f5c                ADC_Init
 .text.Read_ADC
                0x0000000008001028       0x5c ./Core/Src/main.o
                0x0000000008001028                Read_ADC
 .text.UART_Init
                0x0000000008001084       0xac ./Core/Src/main.o
                0x0000000008001084                UART_Init
 .text.UART_Send_1Byte
                0x0000000008001130       0x50 ./Core/Src/main.o
                0x0000000008001130                UART_Send_1Byte
 .text.UART_Send_Str
                0x0000000008001180       0x58 ./Core/Src/main.o
                0x0000000008001180                UART_Send_Str
 .text.main     0x00000000080011d8      0x110 ./Core/Src/main.o
                0x00000000080011d8                main
 .text.SystemClock_Config
                0x00000000080012e8       0xbc ./Core/Src/main.o
                0x00000000080012e8                SystemClock_Config
 .text.MX_GPIO_Init
                0x00000000080013a4       0x88 ./Core/Src/main.o
 .text.send_data_task
                0x000000000800142c       0xac ./Core/Src/main.o
                0x000000000800142c                send_data_task
 .text.read_temp_ss_task
                0x00000000080014d8       0xec ./Core/Src/main.o
                0x00000000080014d8                read_temp_ss_task
 .text.print_hello_func
                0x00000000080015c4       0x1c ./Core/Src/main.o
                0x00000000080015c4                print_hello_func
 .text.StartTask04
                0x00000000080015e0       0x44 ./Core/Src/main.o
                0x00000000080015e0                StartTask04
 .text.Callback_timer
                0x0000000008001624       0x80 ./Core/Src/main.o
                0x0000000008001624                Callback_timer
 .text.Error_Handler
                0x00000000080016a4        0xa ./Core/Src/main.o
                0x00000000080016a4                Error_Handler
 *fill*         0x00000000080016ae        0x2 
 .text.HAL_MspInit
                0x00000000080016b0       0x58 ./Core/Src/stm32f4xx_hal_msp.o
                0x00000000080016b0                HAL_MspInit
 .text.NMI_Handler
                0x0000000008001708        0x6 ./Core/Src/stm32f4xx_it.o
                0x0000000008001708                NMI_Handler
 .text.HardFault_Handler
                0x000000000800170e        0x6 ./Core/Src/stm32f4xx_it.o
                0x000000000800170e                HardFault_Handler
 .text.MemManage_Handler
                0x0000000008001714        0x6 ./Core/Src/stm32f4xx_it.o
                0x0000000008001714                MemManage_Handler
 .text.BusFault_Handler
                0x000000000800171a        0x6 ./Core/Src/stm32f4xx_it.o
                0x000000000800171a                BusFault_Handler
 .text.UsageFault_Handler
                0x0000000008001720        0x6 ./Core/Src/stm32f4xx_it.o
                0x0000000008001720                UsageFault_Handler
 .text.DebugMon_Handler
                0x0000000008001726        0xe ./Core/Src/stm32f4xx_it.o
                0x0000000008001726                DebugMon_Handler
 .text.SysTick_Handler
                0x0000000008001734       0x1a ./Core/Src/stm32f4xx_it.o
                0x0000000008001734                SysTick_Handler
 .text._getpid  0x000000000800174e       0x10 ./Core/Src/syscalls.o
                0x000000000800174e                _getpid
 .text._kill    0x000000000800175e       0x20 ./Core/Src/syscalls.o
                0x000000000800175e                _kill
 .text._exit    0x000000000800177e       0x14 ./Core/Src/syscalls.o
                0x000000000800177e                _exit
 .text._read    0x0000000008001792       0x3a ./Core/Src/syscalls.o
                0x0000000008001792                _read
 .text._write   0x00000000080017cc       0x38 ./Core/Src/syscalls.o
                0x00000000080017cc                _write
 .text._close   0x0000000008001804       0x18 ./Core/Src/syscalls.o
                0x0000000008001804                _close
 .text._fstat   0x000000000800181c       0x20 ./Core/Src/syscalls.o
                0x000000000800181c                _fstat
 .text._isatty  0x000000000800183c       0x16 ./Core/Src/syscalls.o
                0x000000000800183c                _isatty
 .text._lseek   0x0000000008001852       0x1a ./Core/Src/syscalls.o
                0x0000000008001852                _lseek
 .text._sbrk    0x000000000800186c       0x6c ./Core/Src/sysmem.o
                0x000000000800186c                _sbrk
 .text.SystemInit
                0x00000000080018d8       0x24 ./Core/Src/system_stm32f4xx.o
                0x00000000080018d8                SystemInit
 .text.Reset_Handler
                0x00000000080018fc       0x50 ./Core/Startup/startup_stm32f411vetx.o
                0x00000000080018fc                Reset_Handler
 .text.Default_Handler
                0x000000000800194c        0x2 ./Core/Startup/startup_stm32f411vetx.o
                0x000000000800194c                RTC_Alarm_IRQHandler
                0x000000000800194c                EXTI2_IRQHandler
                0x000000000800194c                SPI4_IRQHandler
                0x000000000800194c                TIM1_CC_IRQHandler
                0x000000000800194c                DMA2_Stream5_IRQHandler
                0x000000000800194c                DMA1_Stream5_IRQHandler
                0x000000000800194c                PVD_IRQHandler
                0x000000000800194c                SDIO_IRQHandler
                0x000000000800194c                TAMP_STAMP_IRQHandler
                0x000000000800194c                EXTI3_IRQHandler
                0x000000000800194c                TIM1_UP_TIM10_IRQHandler
                0x000000000800194c                I2C3_ER_IRQHandler
                0x000000000800194c                EXTI0_IRQHandler
                0x000000000800194c                I2C2_EV_IRQHandler
                0x000000000800194c                DMA1_Stream2_IRQHandler
                0x000000000800194c                FPU_IRQHandler
                0x000000000800194c                DMA2_Stream2_IRQHandler
                0x000000000800194c                SPI1_IRQHandler
                0x000000000800194c                TIM1_BRK_TIM9_IRQHandler
                0x000000000800194c                DMA2_Stream3_IRQHandler
                0x000000000800194c                USART6_IRQHandler
                0x000000000800194c                DMA2_Stream0_IRQHandler
                0x000000000800194c                TIM4_IRQHandler
                0x000000000800194c                I2C1_EV_IRQHandler
                0x000000000800194c                DMA1_Stream6_IRQHandler
                0x000000000800194c                DMA1_Stream1_IRQHandler
                0x000000000800194c                TIM3_IRQHandler
                0x000000000800194c                RCC_IRQHandler
                0x000000000800194c                Default_Handler
                0x000000000800194c                EXTI15_10_IRQHandler
                0x000000000800194c                ADC_IRQHandler
                0x000000000800194c                DMA1_Stream7_IRQHandler
                0x000000000800194c                SPI5_IRQHandler
                0x000000000800194c                TIM5_IRQHandler
                0x000000000800194c                DMA2_Stream7_IRQHandler
                0x000000000800194c                I2C3_EV_IRQHandler
                0x000000000800194c                EXTI9_5_IRQHandler
                0x000000000800194c                RTC_WKUP_IRQHandler
                0x000000000800194c                SPI2_IRQHandler
                0x000000000800194c                DMA1_Stream0_IRQHandler
                0x000000000800194c                EXTI4_IRQHandler
                0x000000000800194c                WWDG_IRQHandler
                0x000000000800194c                TIM2_IRQHandler
                0x000000000800194c                OTG_FS_WKUP_IRQHandler
                0x000000000800194c                TIM1_TRG_COM_TIM11_IRQHandler
                0x000000000800194c                EXTI1_IRQHandler
                0x000000000800194c                USART2_IRQHandler
                0x000000000800194c                I2C2_ER_IRQHandler
                0x000000000800194c                DMA2_Stream1_IRQHandler
                0x000000000800194c                FLASH_IRQHandler
                0x000000000800194c                DMA2_Stream4_IRQHandler
                0x000000000800194c                USART1_IRQHandler
                0x000000000800194c                OTG_FS_IRQHandler
                0x000000000800194c                SPI3_IRQHandler
                0x000000000800194c                DMA1_Stream4_IRQHandler
                0x000000000800194c                I2C1_ER_IRQHandler
                0x000000000800194c                DMA2_Stream6_IRQHandler
                0x000000000800194c                DMA1_Stream3_IRQHandler
 *fill*         0x000000000800194e        0x2 
 .text.HAL_Init
                0x0000000008001950       0x44 ./Drivers/STM32F4xx_HAL_Driver/Src/stm32f4xx_hal.o
                0x0000000008001950                HAL_Init
 .text.HAL_InitTick
                0x0000000008001994       0x60 ./Drivers/STM32F4xx_HAL_Driver/Src/stm32f4xx_hal.o
                0x0000000008001994                HAL_InitTick
 .text.HAL_IncTick
                0x00000000080019f4       0x28 ./Drivers/STM32F4xx_HAL_Driver/Src/stm32f4xx_hal.o
                0x00000000080019f4                HAL_IncTick
 .text.HAL_GetTick
                0x0000000008001a1c       0x18 ./Drivers/STM32F4xx_HAL_Driver/Src/stm32f4xx_hal.o
                0x0000000008001a1c                HAL_GetTick
 .text.__NVIC_SetPriorityGrouping
                0x0000000008001a34       0x48 ./Drivers/STM32F4xx_HAL_Driver/Src/stm32f4xx_hal_cortex.o
 .text.__NVIC_GetPriorityGrouping
                0x0000000008001a7c       0x1c ./Drivers/STM32F4xx_HAL_Driver/Src/stm32f4xx_hal_cortex.o
 .text.__NVIC_SetPriority
                0x0000000008001a98       0x54 ./Drivers/STM32F4xx_HAL_Driver/Src/stm32f4xx_hal_cortex.o
 .text.NVIC_EncodePriority
                0x0000000008001aec       0x66 ./Drivers/STM32F4xx_HAL_Driver/Src/stm32f4xx_hal_cortex.o
 *fill*         0x0000000008001b52        0x2 
 .text.SysTick_Config
                0x0000000008001b54       0x44 ./Drivers/STM32F4xx_HAL_Driver/Src/stm32f4xx_hal_cortex.o
 .text.HAL_NVIC_SetPriorityGrouping
                0x0000000008001b98       0x16 ./Drivers/STM32F4xx_HAL_Driver/Src/stm32f4xx_hal_cortex.o
                0x0000000008001b98                HAL_NVIC_SetPriorityGrouping
 .text.HAL_NVIC_SetPriority
                0x0000000008001bae       0x38 ./Drivers/STM32F4xx_HAL_Driver/Src/stm32f4xx_hal_cortex.o
                0x0000000008001bae                HAL_NVIC_SetPriority
 .text.HAL_SYSTICK_Config
                0x0000000008001be6       0x18 ./Drivers/STM32F4xx_HAL_Driver/Src/stm32f4xx_hal_cortex.o
                0x0000000008001be6                HAL_SYSTICK_Config
 *fill*         0x0000000008001bfe        0x2 
 .text.HAL_GPIO_Init
                0x0000000008001c00      0x308 ./Drivers/STM32F4xx_HAL_Driver/Src/stm32f4xx_hal_gpio.o
                0x0000000008001c00                HAL_GPIO_Init
 .text.HAL_GPIO_WritePin
                0x0000000008001f08       0x32 ./Drivers/STM32F4xx_HAL_Driver/Src/stm32f4xx_hal_gpio.o
                0x0000000008001f08                HAL_GPIO_WritePin
 .text.HAL_GPIO_TogglePin
                0x0000000008001f3a       0x34 ./Drivers/STM32F4xx_HAL_Driver/Src/stm32f4xx_hal_gpio.o
                0x0000000008001f3a                HAL_GPIO_TogglePin
 *fill*         0x0000000008001f6e        0x2 
 .text.HAL_RCC_OscConfig
                0x0000000008001f70      0x4f0 ./Drivers/STM32F4xx_HAL_Driver/Src/stm32f4xx_hal_rcc.o
                0x0000000008001f70                HAL_RCC_OscConfig
 .text.HAL_RCC_ClockConfig
                0x0000000008002460      0x1cc ./Drivers/STM32F4xx_HAL_Driver/Src/stm32f4xx_hal_rcc.o
                0x0000000008002460                HAL_RCC_ClockConfig
 .text.HAL_RCC_GetSysClockFreq
                0x000000000800262c      0x18c ./Drivers/STM32F4xx_HAL_Driver/Src/stm32f4xx_hal_rcc.o
                0x000000000800262c                HAL_RCC_GetSysClockFreq
 .text.__NVIC_SetPriority
                0x00000000080027b8       0x54 ./Middlewares/Third_Party/FreeRTOS/Source/CMSIS_RTOS_V2/cmsis_os2.o
 .text.SVC_Setup
                0x000000000800280c       0x12 ./Middlewares/Third_Party/FreeRTOS/Source/CMSIS_RTOS_V2/cmsis_os2.o
 *fill*         0x000000000800281e        0x2 
 .text.osKernelInitialize
                0x0000000008002820       0x48 ./Middlewares/Third_Party/FreeRTOS/Source/CMSIS_RTOS_V2/cmsis_os2.o
                0x0000000008002820                osKernelInitialize
 .text.osKernelStart
                0x0000000008002868       0x4c ./Middlewares/Third_Party/FreeRTOS/Source/CMSIS_RTOS_V2/cmsis_os2.o
                0x0000000008002868                osKernelStart
 .text.osThreadNew
                0x00000000080028b4      0x124 ./Middlewares/Third_Party/FreeRTOS/Source/CMSIS_RTOS_V2/cmsis_os2.o
                0x00000000080028b4                osThreadNew
 .text.osDelay  0x00000000080029d8       0x36 ./Middlewares/Third_Party/FreeRTOS/Source/CMSIS_RTOS_V2/cmsis_os2.o
                0x00000000080029d8                osDelay
 .text.TimerCallback
                0x0000000008002a0e       0x2a ./Middlewares/Third_Party/FreeRTOS/Source/CMSIS_RTOS_V2/cmsis_os2.o
 .text.osTimerNew
                0x0000000008002a38       0xf8 ./Middlewares/Third_Party/FreeRTOS/Source/CMSIS_RTOS_V2/cmsis_os2.o
                0x0000000008002a38                osTimerNew
 .text.osTimerStart
                0x0000000008002b30       0x5c ./Middlewares/Third_Party/FreeRTOS/Source/CMSIS_RTOS_V2/cmsis_os2.o
                0x0000000008002b30                osTimerStart
 .text.osTimerStop
                0x0000000008002b8c       0x6e ./Middlewares/Third_Party/FreeRTOS/Source/CMSIS_RTOS_V2/cmsis_os2.o
                0x0000000008002b8c                osTimerStop
 .text.osEventFlagsNew
                0x0000000008002bfa       0x7e ./Middlewares/Third_Party/FreeRTOS/Source/CMSIS_RTOS_V2/cmsis_os2.o
                0x0000000008002bfa                osEventFlagsNew
 .text.osEventFlagsSet
                0x0000000008002c78       0x88 ./Middlewares/Third_Party/FreeRTOS/Source/CMSIS_RTOS_V2/cmsis_os2.o
                0x0000000008002c78                osEventFlagsSet
 .text.osEventFlagsWait
                0x0000000008002d00       0xcc ./Middlewares/Third_Party/FreeRTOS/Source/CMSIS_RTOS_V2/cmsis_os2.o
                0x0000000008002d00                osEventFlagsWait
 .text.osMutexNew
                0x0000000008002dcc      0x10c ./Middlewares/Third_Party/FreeRTOS/Source/CMSIS_RTOS_V2/cmsis_os2.o
                0x0000000008002dcc                osMutexNew
 .text.osMutexAcquire
                0x0000000008002ed8       0x96 ./Middlewares/Third_Party/FreeRTOS/Source/CMSIS_RTOS_V2/cmsis_os2.o
                0x0000000008002ed8                osMutexAcquire
 .text.osMutexRelease
                0x0000000008002f6e       0x7a ./Middlewares/Third_Party/FreeRTOS/Source/CMSIS_RTOS_V2/cmsis_os2.o
                0x0000000008002f6e                osMutexRelease
 .text.osSemaphoreNew
                0x0000000008002fe8      0x112 ./Middlewares/Third_Party/FreeRTOS/Source/CMSIS_RTOS_V2/cmsis_os2.o
                0x0000000008002fe8                osSemaphoreNew
 .text.osMessageQueueNew
                0x00000000080030fa       0xe6 ./Middlewares/Third_Party/FreeRTOS/Source/CMSIS_RTOS_V2/cmsis_os2.o
                0x00000000080030fa                osMessageQueueNew
 .text.osMessageQueuePut
                0x00000000080031e0       0xc0 ./Middlewares/Third_Party/FreeRTOS/Source/CMSIS_RTOS_V2/cmsis_os2.o
                0x00000000080031e0                osMessageQueuePut
 .text.osMessageQueueGet
                0x00000000080032a0       0xbc ./Middlewares/Third_Party/FreeRTOS/Source/CMSIS_RTOS_V2/cmsis_os2.o
                0x00000000080032a0                osMessageQueueGet
 .text.vApplicationGetIdleTaskMemory
                0x000000000800335c       0x34 ./Middlewares/Third_Party/FreeRTOS/Source/CMSIS_RTOS_V2/cmsis_os2.o
                0x000000000800335c                vApplicationGetIdleTaskMemory
 .text.vApplicationGetTimerTaskMemory
                0x0000000008003390       0x34 ./Middlewares/Third_Party/FreeRTOS/Source/CMSIS_RTOS_V2/cmsis_os2.o
                0x0000000008003390                vApplicationGetTimerTaskMemory
 .text.xEventGroupCreateStatic
                0x00000000080033c4       0x6e ./Middlewares/Third_Party/FreeRTOS/Source/event_groups.o
                0x00000000080033c4                xEventGroupCreateStatic
 .text.xEventGroupCreate
                0x0000000008003432       0x34 ./Middlewares/Third_Party/FreeRTOS/Source/event_groups.o
                0x0000000008003432                xEventGroupCreate
 *fill*         0x0000000008003466        0x2 
 .text.xEventGroupWaitBits
                0x0000000008003468      0x19c ./Middlewares/Third_Party/FreeRTOS/Source/event_groups.o
                0x0000000008003468                xEventGroupWaitBits
 .text.xEventGroupSetBits
                0x0000000008003604      0x116 ./Middlewares/Third_Party/FreeRTOS/Source/event_groups.o
                0x0000000008003604                xEventGroupSetBits
 .text.vEventGroupSetBitsCallback
                0x000000000800371a       0x1a ./Middlewares/Third_Party/FreeRTOS/Source/event_groups.o
                0x000000000800371a                vEventGroupSetBitsCallback
 .text.prvTestWaitCondition
                0x0000000008003734       0x44 ./Middlewares/Third_Party/FreeRTOS/Source/event_groups.o
 .text.xEventGroupSetBitsFromISR
                0x0000000008003778       0x28 ./Middlewares/Third_Party/FreeRTOS/Source/event_groups.o
                0x0000000008003778                xEventGroupSetBitsFromISR
 .text.vListInitialise
                0x00000000080037a0       0x40 ./Middlewares/Third_Party/FreeRTOS/Source/list.o
                0x00000000080037a0                vListInitialise
 .text.vListInitialiseItem
                0x00000000080037e0       0x1a ./Middlewares/Third_Party/FreeRTOS/Source/list.o
                0x00000000080037e0                vListInitialiseItem
 .text.vListInsertEnd
                0x00000000080037fa       0x48 ./Middlewares/Third_Party/FreeRTOS/Source/list.o
                0x00000000080037fa                vListInsertEnd
 .text.vListInsert
                0x0000000008003842       0x72 ./Middlewares/Third_Party/FreeRTOS/Source/list.o
                0x0000000008003842                vListInsert
 .text.uxListRemove
                0x00000000080038b4       0x54 ./Middlewares/Third_Party/FreeRTOS/Source/list.o
                0x00000000080038b4                uxListRemove
 .text.xQueueGenericReset
                0x0000000008003908       0xd0 ./Middlewares/Third_Party/FreeRTOS/Source/queue.o
                0x0000000008003908                xQueueGenericReset
 .text.xQueueGenericCreateStatic
                0x00000000080039d8       0xf0 ./Middlewares/Third_Party/FreeRTOS/Source/queue.o
                0x00000000080039d8                xQueueGenericCreateStatic
 .text.xQueueGenericCreate
                0x0000000008003ac8       0x74 ./Middlewares/Third_Party/FreeRTOS/Source/queue.o
                0x0000000008003ac8                xQueueGenericCreate
 .text.prvInitialiseNewQueue
                0x0000000008003b3c       0x46 ./Middlewares/Third_Party/FreeRTOS/Source/queue.o
 .text.prvInitialiseMutex
                0x0000000008003b82       0x34 ./Middlewares/Third_Party/FreeRTOS/Source/queue.o
 .text.xQueueCreateMutex
                0x0000000008003bb6       0x30 ./Middlewares/Third_Party/FreeRTOS/Source/queue.o
                0x0000000008003bb6                xQueueCreateMutex
 .text.xQueueCreateMutexStatic
                0x0000000008003be6       0x36 ./Middlewares/Third_Party/FreeRTOS/Source/queue.o
                0x0000000008003be6                xQueueCreateMutexStatic
 .text.xQueueGiveMutexRecursive
                0x0000000008003c1c       0x68 ./Middlewares/Third_Party/FreeRTOS/Source/queue.o
                0x0000000008003c1c                xQueueGiveMutexRecursive
 .text.xQueueTakeMutexRecursive
                0x0000000008003c84       0x6c ./Middlewares/Third_Party/FreeRTOS/Source/queue.o
                0x0000000008003c84                xQueueTakeMutexRecursive
 .text.xQueueCreateCountingSemaphoreStatic
                0x0000000008003cf0       0x6e ./Middlewares/Third_Party/FreeRTOS/Source/queue.o
                0x0000000008003cf0                xQueueCreateCountingSemaphoreStatic
 .text.xQueueCreateCountingSemaphore
                0x0000000008003d5e       0x66 ./Middlewares/Third_Party/FreeRTOS/Source/queue.o
                0x0000000008003d5e                xQueueCreateCountingSemaphore
 .text.xQueueGenericSend
                0x0000000008003dc4      0x1fc ./Middlewares/Third_Party/FreeRTOS/Source/queue.o
                0x0000000008003dc4                xQueueGenericSend
 .text.xQueueGenericSendFromISR
                0x0000000008003fc0      0x136 ./Middlewares/Third_Party/FreeRTOS/Source/queue.o
                0x0000000008003fc0                xQueueGenericSendFromISR
 *fill*         0x00000000080040f6        0x2 
 .text.xQueueReceive
                0x00000000080040f8      0x1c0 ./Middlewares/Third_Party/FreeRTOS/Source/queue.o
                0x00000000080040f8                xQueueReceive
 .text.xQueueSemaphoreTake
                0x00000000080042b8      0x218 ./Middlewares/Third_Party/FreeRTOS/Source/queue.o
                0x00000000080042b8                xQueueSemaphoreTake
 .text.xQueueReceiveFromISR
                0x00000000080044d0      0x100 ./Middlewares/Third_Party/FreeRTOS/Source/queue.o
                0x00000000080044d0                xQueueReceiveFromISR
 .text.vQueueDelete
                0x00000000080045d0       0x46 ./Middlewares/Third_Party/FreeRTOS/Source/queue.o
                0x00000000080045d0                vQueueDelete
 .text.prvGetDisinheritPriorityAfterTimeout
                0x0000000008004616       0x30 ./Middlewares/Third_Party/FreeRTOS/Source/queue.o
 .text.prvCopyDataToQueue
                0x0000000008004646       0xd4 ./Middlewares/Third_Party/FreeRTOS/Source/queue.o
 .text.prvCopyDataFromQueue
                0x000000000800471a       0x4c ./Middlewares/Third_Party/FreeRTOS/Source/queue.o
 .text.prvUnlockQueue
                0x0000000008004766       0xa4 ./Middlewares/Third_Party/FreeRTOS/Source/queue.o
 .text.prvIsQueueEmpty
                0x000000000800480a       0x2c ./Middlewares/Third_Party/FreeRTOS/Source/queue.o
 .text.prvIsQueueFull
                0x0000000008004836       0x30 ./Middlewares/Third_Party/FreeRTOS/Source/queue.o
 *fill*         0x0000000008004866        0x2 
 .text.vQueueAddToRegistry
                0x0000000008004868       0x54 ./Middlewares/Third_Party/FreeRTOS/Source/queue.o
                0x0000000008004868                vQueueAddToRegistry
 .text.vQueueUnregisterQueue
                0x00000000080048bc       0x54 ./Middlewares/Third_Party/FreeRTOS/Source/queue.o
                0x00000000080048bc                vQueueUnregisterQueue
 .text.vQueueWaitForMessageRestricted
                0x0000000008004910       0x68 ./Middlewares/Third_Party/FreeRTOS/Source/queue.o
                0x0000000008004910                vQueueWaitForMessageRestricted
 .text.xTaskCreateStatic
                0x0000000008004978       0xba ./Middlewares/Third_Party/FreeRTOS/Source/tasks.o
                0x0000000008004978                xTaskCreateStatic
 .text.xTaskCreate
                0x0000000008004a32       0x8a ./Middlewares/Third_Party/FreeRTOS/Source/tasks.o
                0x0000000008004a32                xTaskCreate
 .text.prvInitialiseNewTask
                0x0000000008004abc      0x11e ./Middlewares/Third_Party/FreeRTOS/Source/tasks.o
 *fill*         0x0000000008004bda        0x2 
 .text.prvAddNewTaskToReadyList
                0x0000000008004bdc       0xe0 ./Middlewares/Third_Party/FreeRTOS/Source/tasks.o
 .text.vTaskDelay
                0x0000000008004cbc       0x68 ./Middlewares/Third_Party/FreeRTOS/Source/tasks.o
                0x0000000008004cbc                vTaskDelay
 .text.vTaskStartScheduler
                0x0000000008004d24       0xcc ./Middlewares/Third_Party/FreeRTOS/Source/tasks.o
                0x0000000008004d24                vTaskStartScheduler
 .text.vTaskSuspendAll
                0x0000000008004df0       0x1c ./Middlewares/Third_Party/FreeRTOS/Source/tasks.o
                0x0000000008004df0                vTaskSuspendAll
 .text.xTaskResumeAll
                0x0000000008004e0c      0x13c ./Middlewares/Third_Party/FreeRTOS/Source/tasks.o
                0x0000000008004e0c                xTaskResumeAll
 .text.xTaskGetTickCount
                0x0000000008004f48       0x20 ./Middlewares/Third_Party/FreeRTOS/Source/tasks.o
                0x0000000008004f48                xTaskGetTickCount
 .text.xTaskIncrementTick
                0x0000000008004f68      0x174 ./Middlewares/Third_Party/FreeRTOS/Source/tasks.o
                0x0000000008004f68                xTaskIncrementTick
 .text.vTaskSwitchContext
                0x00000000080050dc       0xbc ./Middlewares/Third_Party/FreeRTOS/Source/tasks.o
                0x00000000080050dc                vTaskSwitchContext
 .text.vTaskPlaceOnEventList
                0x0000000008005198       0x48 ./Middlewares/Third_Party/FreeRTOS/Source/tasks.o
                0x0000000008005198                vTaskPlaceOnEventList
 .text.vTaskPlaceOnUnorderedEventList
                0x00000000080051e0       0x78 ./Middlewares/Third_Party/FreeRTOS/Source/tasks.o
                0x00000000080051e0                vTaskPlaceOnUnorderedEventList
 .text.vTaskPlaceOnEventListRestricted
                0x0000000008005258       0x58 ./Middlewares/Third_Party/FreeRTOS/Source/tasks.o
                0x0000000008005258                vTaskPlaceOnEventListRestricted
 .text.xTaskRemoveFromEventList
                0x00000000080052b0       0xc8 ./Middlewares/Third_Party/FreeRTOS/Source/tasks.o
                0x00000000080052b0                xTaskRemoveFromEventList
 .text.vTaskRemoveFromUnorderedEventList
                0x0000000008005378       0xc4 ./Middlewares/Third_Party/FreeRTOS/Source/tasks.o
                0x0000000008005378                vTaskRemoveFromUnorderedEventList
 .text.vTaskInternalSetTimeOutState
                0x000000000800543c       0x2c ./Middlewares/Third_Party/FreeRTOS/Source/tasks.o
                0x000000000800543c                vTaskInternalSetTimeOutState
 .text.xTaskCheckForTimeOut
                0x0000000008005468       0xc4 ./Middlewares/Third_Party/FreeRTOS/Source/tasks.o
                0x0000000008005468                xTaskCheckForTimeOut
 .text.vTaskMissedYield
                0x000000000800552c       0x18 ./Middlewares/Third_Party/FreeRTOS/Source/tasks.o
                0x000000000800552c                vTaskMissedYield
 .text.prvIdleTask
                0x0000000008005544       0x30 ./Middlewares/Third_Party/FreeRTOS/Source/tasks.o
 .text.prvInitialiseTaskLists
                0x0000000008005574       0x80 ./Middlewares/Third_Party/FreeRTOS/Source/tasks.o
 .text.prvCheckTasksWaitingTermination
                0x00000000080055f4       0x5c ./Middlewares/Third_Party/FreeRTOS/Source/tasks.o
 .text.prvDeleteTCB
                0x0000000008005650       0x5e ./Middlewares/Third_Party/FreeRTOS/Source/tasks.o
 *fill*         0x00000000080056ae        0x2 
 .text.prvResetNextTaskUnblockTime
                0x00000000080056b0       0x40 ./Middlewares/Third_Party/FreeRTOS/Source/tasks.o
 .text.xTaskGetCurrentTaskHandle
                0x00000000080056f0       0x20 ./Middlewares/Third_Party/FreeRTOS/Source/tasks.o
                0x00000000080056f0                xTaskGetCurrentTaskHandle
 .text.xTaskGetSchedulerState
                0x0000000008005710       0x3c ./Middlewares/Third_Party/FreeRTOS/Source/tasks.o
                0x0000000008005710                xTaskGetSchedulerState
 .text.xTaskPriorityInherit
                0x000000000800574c       0xd0 ./Middlewares/Third_Party/FreeRTOS/Source/tasks.o
                0x000000000800574c                xTaskPriorityInherit
 .text.xTaskPriorityDisinherit
                0x000000000800581c       0xdc ./Middlewares/Third_Party/FreeRTOS/Source/tasks.o
                0x000000000800581c                xTaskPriorityDisinherit
 .text.vTaskPriorityDisinheritAfterTimeout
                0x00000000080058f8      0x104 ./Middlewares/Third_Party/FreeRTOS/Source/tasks.o
                0x00000000080058f8                vTaskPriorityDisinheritAfterTimeout
 .text.uxTaskResetEventItemValue
                0x00000000080059fc       0x30 ./Middlewares/Third_Party/FreeRTOS/Source/tasks.o
                0x00000000080059fc                uxTaskResetEventItemValue
 .text.pvTaskIncrementMutexHeldCount
                0x0000000008005a2c       0x28 ./Middlewares/Third_Party/FreeRTOS/Source/tasks.o
                0x0000000008005a2c                pvTaskIncrementMutexHeldCount
 .text.prvAddCurrentTaskToDelayedList
                0x0000000008005a54       0xa8 ./Middlewares/Third_Party/FreeRTOS/Source/tasks.o
 .text.xTimerCreateTimerTask
                0x0000000008005afc       0x90 ./Middlewares/Third_Party/FreeRTOS/Source/timers.o
                0x0000000008005afc                xTimerCreateTimerTask
 .text.xTimerCreate
                0x0000000008005b8c       0x42 ./Middlewares/Third_Party/FreeRTOS/Source/timers.o
                0x0000000008005b8c                xTimerCreate
 .text.xTimerCreateStatic
                0x0000000008005bce       0x7c ./Middlewares/Third_Party/FreeRTOS/Source/timers.o
                0x0000000008005bce                xTimerCreateStatic
 .text.prvInitialiseNewTimer
                0x0000000008005c4a       0x76 ./Middlewares/Third_Party/FreeRTOS/Source/timers.o
 .text.xTimerGenericCommand
                0x0000000008005cc0       0x9c ./Middlewares/Third_Party/FreeRTOS/Source/timers.o
                0x0000000008005cc0                xTimerGenericCommand
 .text.prvProcessExpiredTimer
                0x0000000008005d5c       0x98 ./Middlewares/Third_Party/FreeRTOS/Source/timers.o
 .text.prvTimerTask
                0x0000000008005df4       0x24 ./Middlewares/Third_Party/FreeRTOS/Source/timers.o
 .text.prvProcessTimerOrBlockTask
                0x0000000008005e18       0x9c ./Middlewares/Third_Party/FreeRTOS/Source/timers.o
 .text.prvGetNextExpireTime
                0x0000000008005eb4       0x48 ./Middlewares/Third_Party/FreeRTOS/Source/timers.o
 .text.prvSampleTimeNow
                0x0000000008005efc       0x40 ./Middlewares/Third_Party/FreeRTOS/Source/timers.o
 .text.prvInsertTimerInActiveList
                0x0000000008005f3c       0x84 ./Middlewares/Third_Party/FreeRTOS/Source/timers.o
 .text.prvProcessReceivedCommands
                0x0000000008005fc0      0x1c4 ./Middlewares/Third_Party/FreeRTOS/Source/timers.o
 .text.prvSwitchTimerLists
                0x0000000008006184       0xc8 ./Middlewares/Third_Party/FreeRTOS/Source/timers.o
 .text.prvCheckForValidListAndQueue
                0x000000000800624c       0x80 ./Middlewares/Third_Party/FreeRTOS/Source/timers.o
 .text.xTimerIsTimerActive
                0x00000000080062cc       0x52 ./Middlewares/Third_Party/FreeRTOS/Source/timers.o
                0x00000000080062cc                xTimerIsTimerActive
 .text.pvTimerGetTimerID
                0x000000000800631e       0x40 ./Middlewares/Third_Party/FreeRTOS/Source/timers.o
                0x000000000800631e                pvTimerGetTimerID
 *fill*         0x000000000800635e        0x2 
 .text.xTimerPendFunctionCallFromISR
                0x0000000008006360       0x40 ./Middlewares/Third_Party/FreeRTOS/Source/timers.o
                0x0000000008006360                xTimerPendFunctionCallFromISR
 .text.pxPortInitialiseStack
                0x00000000080063a0       0x68 ./Middlewares/Third_Party/FreeRTOS/Source/portable/GCC/ARM_CM4F/port.o
                0x00000000080063a0                pxPortInitialiseStack
 .text.prvTaskExitError
                0x0000000008006408       0x58 ./Middlewares/Third_Party/FreeRTOS/Source/portable/GCC/ARM_CM4F/port.o
 .text.SVC_Handler
                0x0000000008006460       0x28 ./Middlewares/Third_Party/FreeRTOS/Source/portable/GCC/ARM_CM4F/port.o
                0x0000000008006460                SVC_Handler
 .text.prvPortStartFirstTask
                0x0000000008006488       0x28 ./Middlewares/Third_Party/FreeRTOS/Source/portable/GCC/ARM_CM4F/port.o
 .text.xPortStartScheduler
                0x00000000080064b0      0x144 ./Middlewares/Third_Party/FreeRTOS/Source/portable/GCC/ARM_CM4F/port.o
                0x00000000080064b0                xPortStartScheduler
 .text.vPortEnterCritical
                0x00000000080065f4       0x60 ./Middlewares/Third_Party/FreeRTOS/Source/portable/GCC/ARM_CM4F/port.o
                0x00000000080065f4                vPortEnterCritical
 .text.vPortExitCritical
                0x0000000008006654       0x54 ./Middlewares/Third_Party/FreeRTOS/Source/portable/GCC/ARM_CM4F/port.o
                0x0000000008006654                vPortExitCritical
 *fill*         0x00000000080066a8        0x8 
 .text.PendSV_Handler
                0x00000000080066b0       0x68 ./Middlewares/Third_Party/FreeRTOS/Source/portable/GCC/ARM_CM4F/port.o
                0x00000000080066b0                PendSV_Handler
 .text.xPortSysTickHandler
                0x0000000008006718       0x44 ./Middlewares/Third_Party/FreeRTOS/Source/portable/GCC/ARM_CM4F/port.o
                0x0000000008006718                xPortSysTickHandler
 .text.vPortSetupTimerInterrupt
                0x000000000800675c       0x48 ./Middlewares/Third_Party/FreeRTOS/Source/portable/GCC/ARM_CM4F/port.o
                0x000000000800675c                vPortSetupTimerInterrupt
 .text.vPortEnableVFP
                0x00000000080067a4       0x14 ./Middlewares/Third_Party/FreeRTOS/Source/portable/GCC/ARM_CM4F/port.o
 .text.vPortValidateInterruptPriority
                0x00000000080067b8       0x80 ./Middlewares/Third_Party/FreeRTOS/Source/portable/GCC/ARM_CM4F/port.o
                0x00000000080067b8                vPortValidateInterruptPriority
 .text.pvPortMalloc
                0x0000000008006838      0x198 ./Middlewares/Third_Party/FreeRTOS/Source/portable/MemMang/heap_4.o
                0x0000000008006838                pvPortMalloc
 .text.vPortFree
                0x00000000080069d0       0xc4 ./Middlewares/Third_Party/FreeRTOS/Source/portable/MemMang/heap_4.o
                0x00000000080069d0                vPortFree
 .text.prvHeapInit
                0x0000000008006a94       0xc4 ./Middlewares/Third_Party/FreeRTOS/Source/portable/MemMang/heap_4.o
 .text.prvInsertBlockIntoFreeList
                0x0000000008006b58       0xb4 ./Middlewares/Third_Party/FreeRTOS/Source/portable/MemMang/heap_4.o
 .text.__errno  0x0000000008006c0c        0xc f:/tri/stm32cubeide/stm32cubeide_1.11.0/stm32cubeide/plugins/com.st.stm32cube.ide.mcu.externaltools.gnu-tools-for-stm32.10.3-2021.10.win32_1.0.100.202210260954/tools/bin/../lib/gcc/arm-none-eabi/10.3.1/../../../../arm-none-eabi/lib/thumb/v7e-m+fp/hard\libc_nano.a(lib_a-errno.o)
                0x0000000008006c0c                __errno
 .text.__libc_init_array
                0x0000000008006c18       0x48 f:/tri/stm32cubeide/stm32cubeide_1.11.0/stm32cubeide/plugins/com.st.stm32cube.ide.mcu.externaltools.gnu-tools-for-stm32.10.3-2021.10.win32_1.0.100.202210260954/tools/bin/../lib/gcc/arm-none-eabi/10.3.1/../../../../arm-none-eabi/lib/thumb/v7e-m+fp/hard\libc_nano.a(lib_a-init.o)
                0x0000000008006c18                __libc_init_array
 .text.memcpy   0x0000000008006c60       0x1c f:/tri/stm32cubeide/stm32cubeide_1.11.0/stm32cubeide/plugins/com.st.stm32cube.ide.mcu.externaltools.gnu-tools-for-stm32.10.3-2021.10.win32_1.0.100.202210260954/tools/bin/../lib/gcc/arm-none-eabi/10.3.1/../../../../arm-none-eabi/lib/thumb/v7e-m+fp/hard\libc_nano.a(lib_a-memcpy-stub.o)
                0x0000000008006c60                memcpy
 .text.memset   0x0000000008006c7c       0x10 f:/tri/stm32cubeide/stm32cubeide_1.11.0/stm32cubeide/plugins/com.st.stm32cube.ide.mcu.externaltools.gnu-tools-for-stm32.10.3-2021.10.win32_1.0.100.202210260954/tools/bin/../lib/gcc/arm-none-eabi/10.3.1/../../../../arm-none-eabi/lib/thumb/v7e-m+fp/hard\libc_nano.a(lib_a-memset.o)
                0x0000000008006c7c                memset
 .text.__cvt    0x0000000008006c8c       0xc4 f:/tri/stm32cubeide/stm32cubeide_1.11.0/stm32cubeide/plugins/com.st.stm32cube.ide.mcu.externaltools.gnu-tools-for-stm32.10.3-2021.10.win32_1.0.100.202210260954/tools/bin/../lib/gcc/arm-none-eabi/10.3.1/../../../../arm-none-eabi/lib/thumb/v7e-m+fp/hard\libc_nano.a(lib_a-nano-vfprintf_float.o)
                0x0000000008006c8c                __cvt
 .text.__exponent
                0x0000000008006d50       0x7c f:/tri/stm32cubeide/stm32cubeide_1.11.0/stm32cubeide/plugins/com.st.stm32cube.ide.mcu.externaltools.gnu-tools-for-stm32.10.3-2021.10.win32_1.0.100.202210260954/tools/bin/../lib/gcc/arm-none-eabi/10.3.1/../../../../arm-none-eabi/lib/thumb/v7e-m+fp/hard\libc_nano.a(lib_a-nano-vfprintf_float.o)
                0x0000000008006d50                __exponent
 .text._printf_float
                0x0000000008006dcc      0x46c f:/tri/stm32cubeide/stm32cubeide_1.11.0/stm32cubeide/plugins/com.st.stm32cube.ide.mcu.externaltools.gnu-tools-for-stm32.10.3-2021.10.win32_1.0.100.202210260954/tools/bin/../lib/gcc/arm-none-eabi/10.3.1/../../../../arm-none-eabi/lib/thumb/v7e-m+fp/hard\libc_nano.a(lib_a-nano-vfprintf_float.o)
                0x0000000008006dcc                _printf_float
 .text._printf_common
                0x0000000008007238       0xda f:/tri/stm32cubeide/stm32cubeide_1.11.0/stm32cubeide/plugins/com.st.stm32cube.ide.mcu.externaltools.gnu-tools-for-stm32.10.3-2021.10.win32_1.0.100.202210260954/tools/bin/../lib/gcc/arm-none-eabi/10.3.1/../../../../arm-none-eabi/lib/thumb/v7e-m+fp/hard\libc_nano.a(lib_a-nano-vfprintf_i.o)
                0x0000000008007238                _printf_common
 *fill*         0x0000000008007312        0x2 
 .text._printf_i
                0x0000000008007314      0x24c f:/tri/stm32cubeide/stm32cubeide_1.11.0/stm32cubeide/plugins/com.st.stm32cube.ide.mcu.externaltools.gnu-tools-for-stm32.10.3-2021.10.win32_1.0.100.202210260954/tools/bin/../lib/gcc/arm-none-eabi/10.3.1/../../../../arm-none-eabi/lib/thumb/v7e-m+fp/hard\libc_nano.a(lib_a-nano-vfprintf_i.o)
                0x0000000008007314                _printf_i
 .text.sprintf  0x0000000008007560       0x40 f:/tri/stm32cubeide/stm32cubeide_1.11.0/stm32cubeide/plugins/com.st.stm32cube.ide.mcu.externaltools.gnu-tools-for-stm32.10.3-2021.10.win32_1.0.100.202210260954/tools/bin/../lib/gcc/arm-none-eabi/10.3.1/../../../../arm-none-eabi/lib/thumb/v7e-m+fp/hard\libc_nano.a(lib_a-sprintf.o)
                0x0000000008007560                siprintf
                0x0000000008007560                sprintf
 .text.quorem   0x00000000080075a0      0x116 f:/tri/stm32cubeide/stm32cubeide_1.11.0/stm32cubeide/plugins/com.st.stm32cube.ide.mcu.externaltools.gnu-tools-for-stm32.10.3-2021.10.win32_1.0.100.202210260954/tools/bin/../lib/gcc/arm-none-eabi/10.3.1/../../../../arm-none-eabi/lib/thumb/v7e-m+fp/hard\libc_nano.a(lib_a-dtoa.o)
 *fill*         0x00000000080076b6        0x2 
 .text._dtoa_r  0x00000000080076b8      0xbdc f:/tri/stm32cubeide/stm32cubeide_1.11.0/stm32cubeide/plugins/com.st.stm32cube.ide.mcu.externaltools.gnu-tools-for-stm32.10.3-2021.10.win32_1.0.100.202210260954/tools/bin/../lib/gcc/arm-none-eabi/10.3.1/../../../../arm-none-eabi/lib/thumb/v7e-m+fp/hard\libc_nano.a(lib_a-dtoa.o)
                0x00000000080076b8                _dtoa_r
 .text._localeconv_r
                0x0000000008008294        0x8 f:/tri/stm32cubeide/stm32cubeide_1.11.0/stm32cubeide/plugins/com.st.stm32cube.ide.mcu.externaltools.gnu-tools-for-stm32.10.3-2021.10.win32_1.0.100.202210260954/tools/bin/../lib/gcc/arm-none-eabi/10.3.1/../../../../arm-none-eabi/lib/thumb/v7e-m+fp/hard\libc_nano.a(lib_a-localeconv.o)
                0x0000000008008294                _localeconv_r
 .text.malloc   0x000000000800829c       0x10 f:/tri/stm32cubeide/stm32cubeide_1.11.0/stm32cubeide/plugins/com.st.stm32cube.ide.mcu.externaltools.gnu-tools-for-stm32.10.3-2021.10.win32_1.0.100.202210260954/tools/bin/../lib/gcc/arm-none-eabi/10.3.1/../../../../arm-none-eabi/lib/thumb/v7e-m+fp/hard\libc_nano.a(lib_a-malloc.o)
                0x000000000800829c                malloc
 .text._Balloc  0x00000000080082ac       0x80 f:/tri/stm32cubeide/stm32cubeide_1.11.0/stm32cubeide/plugins/com.st.stm32cube.ide.mcu.externaltools.gnu-tools-for-stm32.10.3-2021.10.win32_1.0.100.202210260954/tools/bin/../lib/gcc/arm-none-eabi/10.3.1/../../../../arm-none-eabi/lib/thumb/v7e-m+fp/hard\libc_nano.a(lib_a-mprec.o)
                0x00000000080082ac                _Balloc
 .text._Bfree   0x000000000800832c       0x44 f:/tri/stm32cubeide/stm32cubeide_1.11.0/stm32cubeide/plugins/com.st.stm32cube.ide.mcu.externaltools.gnu-tools-for-stm32.10.3-2021.10.win32_1.0.100.202210260954/tools/bin/../lib/gcc/arm-none-eabi/10.3.1/../../../../arm-none-eabi/lib/thumb/v7e-m+fp/hard\libc_nano.a(lib_a-mprec.o)
                0x000000000800832c                _Bfree
 .text.__multadd
                0x0000000008008370       0x8c f:/tri/stm32cubeide/stm32cubeide_1.11.0/stm32cubeide/plugins/com.st.stm32cube.ide.mcu.externaltools.gnu-tools-for-stm32.10.3-2021.10.win32_1.0.100.202210260954/tools/bin/../lib/gcc/arm-none-eabi/10.3.1/../../../../arm-none-eabi/lib/thumb/v7e-m+fp/hard\libc_nano.a(lib_a-mprec.o)
                0x0000000008008370                __multadd
 .text.__hi0bits
                0x00000000080083fc       0x40 f:/tri/stm32cubeide/stm32cubeide_1.11.0/stm32cubeide/plugins/com.st.stm32cube.ide.mcu.externaltools.gnu-tools-for-stm32.10.3-2021.10.win32_1.0.100.202210260954/tools/bin/../lib/gcc/arm-none-eabi/10.3.1/../../../../arm-none-eabi/lib/thumb/v7e-m+fp/hard\libc_nano.a(lib_a-mprec.o)
                0x00000000080083fc                __hi0bits
 .text.__lo0bits
                0x000000000800843c       0x5e f:/tri/stm32cubeide/stm32cubeide_1.11.0/stm32cubeide/plugins/com.st.stm32cube.ide.mcu.externaltools.gnu-tools-for-stm32.10.3-2021.10.win32_1.0.100.202210260954/tools/bin/../lib/gcc/arm-none-eabi/10.3.1/../../../../arm-none-eabi/lib/thumb/v7e-m+fp/hard\libc_nano.a(lib_a-mprec.o)
                0x000000000800843c                __lo0bits
 *fill*         0x000000000800849a        0x2 
 .text.__i2b    0x000000000800849c       0x2c f:/tri/stm32cubeide/stm32cubeide_1.11.0/stm32cubeide/plugins/com.st.stm32cube.ide.mcu.externaltools.gnu-tools-for-stm32.10.3-2021.10.win32_1.0.100.202210260954/tools/bin/../lib/gcc/arm-none-eabi/10.3.1/../../../../arm-none-eabi/lib/thumb/v7e-m+fp/hard\libc_nano.a(lib_a-mprec.o)
                0x000000000800849c                __i2b
 .text.__multiply
                0x00000000080084c8      0x154 f:/tri/stm32cubeide/stm32cubeide_1.11.0/stm32cubeide/plugins/com.st.stm32cube.ide.mcu.externaltools.gnu-tools-for-stm32.10.3-2021.10.win32_1.0.100.202210260954/tools/bin/../lib/gcc/arm-none-eabi/10.3.1/../../../../arm-none-eabi/lib/thumb/v7e-m+fp/hard\libc_nano.a(lib_a-mprec.o)
                0x00000000080084c8                __multiply
 .text.__pow5mult
                0x000000000800861c       0xb4 f:/tri/stm32cubeide/stm32cubeide_1.11.0/stm32cubeide/plugins/com.st.stm32cube.ide.mcu.externaltools.gnu-tools-for-stm32.10.3-2021.10.win32_1.0.100.202210260954/tools/bin/../lib/gcc/arm-none-eabi/10.3.1/../../../../arm-none-eabi/lib/thumb/v7e-m+fp/hard\libc_nano.a(lib_a-mprec.o)
                0x000000000800861c                __pow5mult
 .text.__lshift
                0x00000000080086d0       0xe0 f:/tri/stm32cubeide/stm32cubeide_1.11.0/stm32cubeide/plugins/com.st.stm32cube.ide.mcu.externaltools.gnu-tools-for-stm32.10.3-2021.10.win32_1.0.100.202210260954/tools/bin/../lib/gcc/arm-none-eabi/10.3.1/../../../../arm-none-eabi/lib/thumb/v7e-m+fp/hard\libc_nano.a(lib_a-mprec.o)
                0x00000000080086d0                __lshift
 .text.__mcmp   0x00000000080087b0       0x38 f:/tri/stm32cubeide/stm32cubeide_1.11.0/stm32cubeide/plugins/com.st.stm32cube.ide.mcu.externaltools.gnu-tools-for-stm32.10.3-2021.10.win32_1.0.100.202210260954/tools/bin/../lib/gcc/arm-none-eabi/10.3.1/../../../../arm-none-eabi/lib/thumb/v7e-m+fp/hard\libc_nano.a(lib_a-mprec.o)
                0x00000000080087b0                __mcmp
 .text.__mdiff  0x00000000080087e8      0x114 f:/tri/stm32cubeide/stm32cubeide_1.11.0/stm32cubeide/plugins/com.st.stm32cube.ide.mcu.externaltools.gnu-tools-for-stm32.10.3-2021.10.win32_1.0.100.202210260954/tools/bin/../lib/gcc/arm-none-eabi/10.3.1/../../../../arm-none-eabi/lib/thumb/v7e-m+fp/hard\libc_nano.a(lib_a-mprec.o)
                0x00000000080087e8                __mdiff
 .text.__d2b    0x00000000080088fc       0xb8 f:/tri/stm32cubeide/stm32cubeide_1.11.0/stm32cubeide/plugins/com.st.stm32cube.ide.mcu.externaltools.gnu-tools-for-stm32.10.3-2021.10.win32_1.0.100.202210260954/tools/bin/../lib/gcc/arm-none-eabi/10.3.1/../../../../arm-none-eabi/lib/thumb/v7e-m+fp/hard\libc_nano.a(lib_a-mprec.o)
                0x00000000080088fc                __d2b
 .text._calloc_r
                0x00000000080089b4       0x2c f:/tri/stm32cubeide/stm32cubeide_1.11.0/stm32cubeide/plugins/com.st.stm32cube.ide.mcu.externaltools.gnu-tools-for-stm32.10.3-2021.10.win32_1.0.100.202210260954/tools/bin/../lib/gcc/arm-none-eabi/10.3.1/../../../../arm-none-eabi/lib/thumb/v7e-m+fp/hard\libc_nano.a(lib_a-nano-callocr.o)
                0x00000000080089b4                _calloc_r
 .text._free_r  0x00000000080089e0       0x98 f:/tri/stm32cubeide/stm32cubeide_1.11.0/stm32cubeide/plugins/com.st.stm32cube.ide.mcu.externaltools.gnu-tools-for-stm32.10.3-2021.10.win32_1.0.100.202210260954/tools/bin/../lib/gcc/arm-none-eabi/10.3.1/../../../../arm-none-eabi/lib/thumb/v7e-m+fp/hard\libc_nano.a(lib_a-nano-freer.o)
                0x00000000080089e0                _free_r
 .text.sbrk_aligned
                0x0000000008008a78       0x40 f:/tri/stm32cubeide/stm32cubeide_1.11.0/stm32cubeide/plugins/com.st.stm32cube.ide.mcu.externaltools.gnu-tools-for-stm32.10.3-2021.10.win32_1.0.100.202210260954/tools/bin/../lib/gcc/arm-none-eabi/10.3.1/../../../../arm-none-eabi/lib/thumb/v7e-m+fp/hard\libc_nano.a(lib_a-nano-mallocr.o)
 .text._malloc_r
                0x0000000008008ab8       0xe8 f:/tri/stm32cubeide/stm32cubeide_1.11.0/stm32cubeide/plugins/com.st.stm32cube.ide.mcu.externaltools.gnu-tools-for-stm32.10.3-2021.10.win32_1.0.100.202210260954/tools/bin/../lib/gcc/arm-none-eabi/10.3.1/../../../../arm-none-eabi/lib/thumb/v7e-m+fp/hard\libc_nano.a(lib_a-nano-mallocr.o)
                0x0000000008008ab8                _malloc_r
 .text.__ssputs_r
                0x0000000008008ba0       0xb6 f:/tri/stm32cubeide/stm32cubeide_1.11.0/stm32cubeide/plugins/com.st.stm32cube.ide.mcu.externaltools.gnu-tools-for-stm32.10.3-2021.10.win32_1.0.100.202210260954/tools/bin/../lib/gcc/arm-none-eabi/10.3.1/../../../../arm-none-eabi/lib/thumb/v7e-m+fp/hard\libc_nano.a(lib_a-nano-svfprintf.o)
                0x0000000008008ba0                __ssputs_r
 *fill*         0x0000000008008c56        0x2 
 .text._svfprintf_r
                0x0000000008008c58      0x200 f:/tri/stm32cubeide/stm32cubeide_1.11.0/stm32cubeide/plugins/com.st.stm32cube.ide.mcu.externaltools.gnu-tools-for-stm32.10.3-2021.10.win32_1.0.100.202210260954/tools/bin/../lib/gcc/arm-none-eabi/10.3.1/../../../../arm-none-eabi/lib/thumb/v7e-m+fp/hard\libc_nano.a(lib_a-nano-svfprintf.o)
                0x0000000008008c58                _svfiprintf_r
                0x0000000008008c58                _svfprintf_r
 .text._sbrk_r  0x0000000008008e58       0x20 f:/tri/stm32cubeide/stm32cubeide_1.11.0/stm32cubeide/plugins/com.st.stm32cube.ide.mcu.externaltools.gnu-tools-for-stm32.10.3-2021.10.win32_1.0.100.202210260954/tools/bin/../lib/gcc/arm-none-eabi/10.3.1/../../../../arm-none-eabi/lib/thumb/v7e-m+fp/hard\libc_nano.a(lib_a-sbrkr.o)
                0x0000000008008e58                _sbrk_r
 .text.__assert_func
                0x0000000008008e78       0x3c f:/tri/stm32cubeide/stm32cubeide_1.11.0/stm32cubeide/plugins/com.st.stm32cube.ide.mcu.externaltools.gnu-tools-for-stm32.10.3-2021.10.win32_1.0.100.202210260954/tools/bin/../lib/gcc/arm-none-eabi/10.3.1/../../../../arm-none-eabi/lib/thumb/v7e-m+fp/hard\libc_nano.a(lib_a-assert.o)
                0x0000000008008e78                __assert_func
 .text.fprintf  0x0000000008008eb4       0x24 f:/tri/stm32cubeide/stm32cubeide_1.11.0/stm32cubeide/plugins/com.st.stm32cube.ide.mcu.externaltools.gnu-tools-for-stm32.10.3-2021.10.win32_1.0.100.202210260954/tools/bin/../lib/gcc/arm-none-eabi/10.3.1/../../../../arm-none-eabi/lib/thumb/v7e-m+fp/hard\libc_nano.a(lib_a-fprintf.o)
                0x0000000008008eb4                fiprintf
                0x0000000008008eb4                fprintf
 .text.__ascii_mbtowc
                0x0000000008008ed8       0x24 f:/tri/stm32cubeide/stm32cubeide_1.11.0/stm32cubeide/plugins/com.st.stm32cube.ide.mcu.externaltools.gnu-tools-for-stm32.10.3-2021.10.win32_1.0.100.202210260954/tools/bin/../lib/gcc/arm-none-eabi/10.3.1/../../../../arm-none-eabi/lib/thumb/v7e-m+fp/hard\libc_nano.a(lib_a-mbtowc_r.o)
                0x0000000008008ed8                __ascii_mbtowc
 .text.memmove  0x0000000008008efc       0x34 f:/tri/stm32cubeide/stm32cubeide_1.11.0/stm32cubeide/plugins/com.st.stm32cube.ide.mcu.externaltools.gnu-tools-for-stm32.10.3-2021.10.win32_1.0.100.202210260954/tools/bin/../lib/gcc/arm-none-eabi/10.3.1/../../../../arm-none-eabi/lib/thumb/v7e-m+fp/hard\libc_nano.a(lib_a-memmove.o)
                0x0000000008008efc                memmove
 .text.__malloc_lock
                0x0000000008008f30        0xc f:/tri/stm32cubeide/stm32cubeide_1.11.0/stm32cubeide/plugins/com.st.stm32cube.ide.mcu.externaltools.gnu-tools-for-stm32.10.3-2021.10.win32_1.0.100.202210260954/tools/bin/../lib/gcc/arm-none-eabi/10.3.1/../../../../arm-none-eabi/lib/thumb/v7e-m+fp/hard\libc_nano.a(lib_a-mlock.o)
                0x0000000008008f30                __malloc_lock
 .text.__malloc_unlock
                0x0000000008008f3c        0xc f:/tri/stm32cubeide/stm32cubeide_1.11.0/stm32cubeide/plugins/com.st.stm32cube.ide.mcu.externaltools.gnu-tools-for-stm32.10.3-2021.10.win32_1.0.100.202210260954/tools/bin/../lib/gcc/arm-none-eabi/10.3.1/../../../../arm-none-eabi/lib/thumb/v7e-m+fp/hard\libc_nano.a(lib_a-mlock.o)
                0x0000000008008f3c                __malloc_unlock
 .text._realloc_r
                0x0000000008008f48       0x5e f:/tri/stm32cubeide/stm32cubeide_1.11.0/stm32cubeide/plugins/com.st.stm32cube.ide.mcu.externaltools.gnu-tools-for-stm32.10.3-2021.10.win32_1.0.100.202210260954/tools/bin/../lib/gcc/arm-none-eabi/10.3.1/../../../../arm-none-eabi/lib/thumb/v7e-m+fp/hard\libc_nano.a(lib_a-nano-reallocr.o)
                0x0000000008008f48                _realloc_r
 .text.__sfputc_r
                0x0000000008008fa6       0x2e f:/tri/stm32cubeide/stm32cubeide_1.11.0/stm32cubeide/plugins/com.st.stm32cube.ide.mcu.externaltools.gnu-tools-for-stm32.10.3-2021.10.win32_1.0.100.202210260954/tools/bin/../lib/gcc/arm-none-eabi/10.3.1/../../../../arm-none-eabi/lib/thumb/v7e-m+fp/hard\libc_nano.a(lib_a-nano-vfprintf.o)
 .text.__sfputs_r
                0x0000000008008fd4       0x24 f:/tri/stm32cubeide/stm32cubeide_1.11.0/stm32cubeide/plugins/com.st.stm32cube.ide.mcu.externaltools.gnu-tools-for-stm32.10.3-2021.10.win32_1.0.100.202210260954/tools/bin/../lib/gcc/arm-none-eabi/10.3.1/../../../../arm-none-eabi/lib/thumb/v7e-m+fp/hard\libc_nano.a(lib_a-nano-vfprintf.o)
                0x0000000008008fd4                __sfputs_r
 .text._vfprintf_r
                0x0000000008008ff8      0x260 f:/tri/stm32cubeide/stm32cubeide_1.11.0/stm32cubeide/plugins/com.st.stm32cube.ide.mcu.externaltools.gnu-tools-for-stm32.10.3-2021.10.win32_1.0.100.202210260954/tools/bin/../lib/gcc/arm-none-eabi/10.3.1/../../../../arm-none-eabi/lib/thumb/v7e-m+fp/hard\libc_nano.a(lib_a-nano-vfprintf.o)
                0x0000000008008ff8                _vfprintf_r
                0x0000000008008ff8                _vfiprintf_r
 .text.__swbuf_r
                0x0000000008009258       0xa4 f:/tri/stm32cubeide/stm32cubeide_1.11.0/stm32cubeide/plugins/com.st.stm32cube.ide.mcu.externaltools.gnu-tools-for-stm32.10.3-2021.10.win32_1.0.100.202210260954/tools/bin/../lib/gcc/arm-none-eabi/10.3.1/../../../../arm-none-eabi/lib/thumb/v7e-m+fp/hard\libc_nano.a(lib_a-wbuf.o)
                0x0000000008009258                __swbuf_r
 .text.__ascii_wctomb
                0x00000000080092fc       0x1a f:/tri/stm32cubeide/stm32cubeide_1.11.0/stm32cubeide/plugins/com.st.stm32cube.ide.mcu.externaltools.gnu-tools-for-stm32.10.3-2021.10.win32_1.0.100.202210260954/tools/bin/../lib/gcc/arm-none-eabi/10.3.1/../../../../arm-none-eabi/lib/thumb/v7e-m+fp/hard\libc_nano.a(lib_a-wctomb_r.o)
                0x00000000080092fc                __ascii_wctomb
 *fill*         0x0000000008009316        0x2 
 .text.__swsetup_r
                0x0000000008009318       0xdc f:/tri/stm32cubeide/stm32cubeide_1.11.0/stm32cubeide/plugins/com.st.stm32cube.ide.mcu.externaltools.gnu-tools-for-stm32.10.3-2021.10.win32_1.0.100.202210260954/tools/bin/../lib/gcc/arm-none-eabi/10.3.1/../../../../arm-none-eabi/lib/thumb/v7e-m+fp/hard\libc_nano.a(lib_a-wsetup.o)
                0x0000000008009318                __swsetup_r
 .text.abort    0x00000000080093f4        0xe f:/tri/stm32cubeide/stm32cubeide_1.11.0/stm32cubeide/plugins/com.st.stm32cube.ide.mcu.externaltools.gnu-tools-for-stm32.10.3-2021.10.win32_1.0.100.202210260954/tools/bin/../lib/gcc/arm-none-eabi/10.3.1/../../../../arm-none-eabi/lib/thumb/v7e-m+fp/hard\libc_nano.a(lib_a-abort.o)
                0x00000000080093f4                abort
 *fill*         0x0000000008009402        0x2 
 .text.__sflush_r
                0x0000000008009404      0x10c f:/tri/stm32cubeide/stm32cubeide_1.11.0/stm32cubeide/plugins/com.st.stm32cube.ide.mcu.externaltools.gnu-tools-for-stm32.10.3-2021.10.win32_1.0.100.202210260954/tools/bin/../lib/gcc/arm-none-eabi/10.3.1/../../../../arm-none-eabi/lib/thumb/v7e-m+fp/hard\libc_nano.a(lib_a-fflush.o)
                0x0000000008009404                __sflush_r
 .text._fflush_r
                0x0000000008009510       0x78 f:/tri/stm32cubeide/stm32cubeide_1.11.0/stm32cubeide/plugins/com.st.stm32cube.ide.mcu.externaltools.gnu-tools-for-stm32.10.3-2021.10.win32_1.0.100.202210260954/tools/bin/../lib/gcc/arm-none-eabi/10.3.1/../../../../arm-none-eabi/lib/thumb/v7e-m+fp/hard\libc_nano.a(lib_a-fflush.o)
                0x0000000008009510                _fflush_r
 .text.std      0x0000000008009588       0x48 f:/tri/stm32cubeide/stm32cubeide_1.11.0/stm32cubeide/plugins/com.st.stm32cube.ide.mcu.externaltools.gnu-tools-for-stm32.10.3-2021.10.win32_1.0.100.202210260954/tools/bin/../lib/gcc/arm-none-eabi/10.3.1/../../../../arm-none-eabi/lib/thumb/v7e-m+fp/hard\libc_nano.a(lib_a-findfp.o)
 .text._cleanup_r
                0x00000000080095d0        0xc f:/tri/stm32cubeide/stm32cubeide_1.11.0/stm32cubeide/plugins/com.st.stm32cube.ide.mcu.externaltools.gnu-tools-for-stm32.10.3-2021.10.win32_1.0.100.202210260954/tools/bin/../lib/gcc/arm-none-eabi/10.3.1/../../../../arm-none-eabi/lib/thumb/v7e-m+fp/hard\libc_nano.a(lib_a-findfp.o)
                0x00000000080095d0                _cleanup_r
 .text.__sfmoreglue
                0x00000000080095dc       0x2c f:/tri/stm32cubeide/stm32cubeide_1.11.0/stm32cubeide/plugins/com.st.stm32cube.ide.mcu.externaltools.gnu-tools-for-stm32.10.3-2021.10.win32_1.0.100.202210260954/tools/bin/../lib/gcc/arm-none-eabi/10.3.1/../../../../arm-none-eabi/lib/thumb/v7e-m+fp/hard\libc_nano.a(lib_a-findfp.o)
                0x00000000080095dc                __sfmoreglue
 .text.__sfp_lock_acquire
                0x0000000008009608        0xc f:/tri/stm32cubeide/stm32cubeide_1.11.0/stm32cubeide/plugins/com.st.stm32cube.ide.mcu.externaltools.gnu-tools-for-stm32.10.3-2021.10.win32_1.0.100.202210260954/tools/bin/../lib/gcc/arm-none-eabi/10.3.1/../../../../arm-none-eabi/lib/thumb/v7e-m+fp/hard\libc_nano.a(lib_a-findfp.o)
                0x0000000008009608                __sfp_lock_acquire
 .text.__sfp_lock_release
                0x0000000008009614        0xc f:/tri/stm32cubeide/stm32cubeide_1.11.0/stm32cubeide/plugins/com.st.stm32cube.ide.mcu.externaltools.gnu-tools-for-stm32.10.3-2021.10.win32_1.0.100.202210260954/tools/bin/../lib/gcc/arm-none-eabi/10.3.1/../../../../arm-none-eabi/lib/thumb/v7e-m+fp/hard\libc_nano.a(lib_a-findfp.o)
                0x0000000008009614                __sfp_lock_release
 .text.__sinit_lock_acquire
                0x0000000008009620        0xc f:/tri/stm32cubeide/stm32cubeide_1.11.0/stm32cubeide/plugins/com.st.stm32cube.ide.mcu.externaltools.gnu-tools-for-stm32.10.3-2021.10.win32_1.0.100.202210260954/tools/bin/../lib/gcc/arm-none-eabi/10.3.1/../../../../arm-none-eabi/lib/thumb/v7e-m+fp/hard\libc_nano.a(lib_a-findfp.o)
                0x0000000008009620                __sinit_lock_acquire
 .text.__sinit_lock_release
                0x000000000800962c        0xc f:/tri/stm32cubeide/stm32cubeide_1.11.0/stm32cubeide/plugins/com.st.stm32cube.ide.mcu.externaltools.gnu-tools-for-stm32.10.3-2021.10.win32_1.0.100.202210260954/tools/bin/../lib/gcc/arm-none-eabi/10.3.1/../../../../arm-none-eabi/lib/thumb/v7e-m+fp/hard\libc_nano.a(lib_a-findfp.o)
                0x000000000800962c                __sinit_lock_release
 .text.__sinit  0x0000000008009638       0x70 f:/tri/stm32cubeide/stm32cubeide_1.11.0/stm32cubeide/plugins/com.st.stm32cube.ide.mcu.externaltools.gnu-tools-for-stm32.10.3-2021.10.win32_1.0.100.202210260954/tools/bin/../lib/gcc/arm-none-eabi/10.3.1/../../../../arm-none-eabi/lib/thumb/v7e-m+fp/hard\libc_nano.a(lib_a-findfp.o)
                0x0000000008009638                __sinit
 .text.__sfp    0x00000000080096a8       0x8c f:/tri/stm32cubeide/stm32cubeide_1.11.0/stm32cubeide/plugins/com.st.stm32cube.ide.mcu.externaltools.gnu-tools-for-stm32.10.3-2021.10.win32_1.0.100.202210260954/tools/bin/../lib/gcc/arm-none-eabi/10.3.1/../../../../arm-none-eabi/lib/thumb/v7e-m+fp/hard\libc_nano.a(lib_a-findfp.o)
                0x00000000080096a8                __sfp
 .text._fwalk_reent
                0x0000000008009734       0x3e f:/tri/stm32cubeide/stm32cubeide_1.11.0/stm32cubeide/plugins/com.st.stm32cube.ide.mcu.externaltools.gnu-tools-for-stm32.10.3-2021.10.win32_1.0.100.202210260954/tools/bin/../lib/gcc/arm-none-eabi/10.3.1/../../../../arm-none-eabi/lib/thumb/v7e-m+fp/hard\libc_nano.a(lib_a-fwalk.o)
                0x0000000008009734                _fwalk_reent
 .text.__retarget_lock_init_recursive
                0x0000000008009772        0x2 f:/tri/stm32cubeide/stm32cubeide_1.11.0/stm32cubeide/plugins/com.st.stm32cube.ide.mcu.externaltools.gnu-tools-for-stm32.10.3-2021.10.win32_1.0.100.202210260954/tools/bin/../lib/gcc/arm-none-eabi/10.3.1/../../../../arm-none-eabi/lib/thumb/v7e-m+fp/hard\libc_nano.a(lib_a-lock.o)
                0x0000000008009772                __retarget_lock_init_recursive
 .text.__retarget_lock_acquire_recursive
                0x0000000008009774        0x2 f:/tri/stm32cubeide/stm32cubeide_1.11.0/stm32cubeide/plugins/com.st.stm32cube.ide.mcu.externaltools.gnu-tools-for-stm32.10.3-2021.10.win32_1.0.100.202210260954/tools/bin/../lib/gcc/arm-none-eabi/10.3.1/../../../../arm-none-eabi/lib/thumb/v7e-m+fp/hard\libc_nano.a(lib_a-lock.o)
                0x0000000008009774                __retarget_lock_acquire_recursive
 .text.__retarget_lock_release_recursive
                0x0000000008009776        0x2 f:/tri/stm32cubeide/stm32cubeide_1.11.0/stm32cubeide/plugins/com.st.stm32cube.ide.mcu.externaltools.gnu-tools-for-stm32.10.3-2021.10.win32_1.0.100.202210260954/tools/bin/../lib/gcc/arm-none-eabi/10.3.1/../../../../arm-none-eabi/lib/thumb/v7e-m+fp/hard\libc_nano.a(lib_a-lock.o)
                0x0000000008009776                __retarget_lock_release_recursive
 .text.__swhatbuf_r
                0x0000000008009778       0x4a f:/tri/stm32cubeide/stm32cubeide_1.11.0/stm32cubeide/plugins/com.st.stm32cube.ide.mcu.externaltools.gnu-tools-for-stm32.10.3-2021.10.win32_1.0.100.202210260954/tools/bin/../lib/gcc/arm-none-eabi/10.3.1/../../../../arm-none-eabi/lib/thumb/v7e-m+fp/hard\libc_nano.a(lib_a-makebuf.o)
                0x0000000008009778                __swhatbuf_r
 *fill*         0x00000000080097c2        0x2 
 .text.__smakebuf_r
                0x00000000080097c4       0x80 f:/tri/stm32cubeide/stm32cubeide_1.11.0/stm32cubeide/plugins/com.st.stm32cube.ide.mcu.externaltools.gnu-tools-for-stm32.10.3-2021.10.win32_1.0.100.202210260954/tools/bin/../lib/gcc/arm-none-eabi/10.3.1/../../../../arm-none-eabi/lib/thumb/v7e-m+fp/hard\libc_nano.a(lib_a-makebuf.o)
                0x00000000080097c4                __smakebuf_r
 .text._malloc_usable_size_r
                0x0000000008009844       0x10 f:/tri/stm32cubeide/stm32cubeide_1.11.0/stm32cubeide/plugins/com.st.stm32cube.ide.mcu.externaltools.gnu-tools-for-stm32.10.3-2021.10.win32_1.0.100.202210260954/tools/bin/../lib/gcc/arm-none-eabi/10.3.1/../../../../arm-none-eabi/lib/thumb/v7e-m+fp/hard\libc_nano.a(lib_a-nano-msizer.o)
                0x0000000008009844                _malloc_usable_size_r
 .text._raise_r
                0x0000000008009854       0x50 f:/tri/stm32cubeide/stm32cubeide_1.11.0/stm32cubeide/plugins/com.st.stm32cube.ide.mcu.externaltools.gnu-tools-for-stm32.10.3-2021.10.win32_1.0.100.202210260954/tools/bin/../lib/gcc/arm-none-eabi/10.3.1/../../../../arm-none-eabi/lib/thumb/v7e-m+fp/hard\libc_nano.a(lib_a-signal.o)
                0x0000000008009854                _raise_r
 .text.raise    0x00000000080098a4       0x10 f:/tri/stm32cubeide/stm32cubeide_1.11.0/stm32cubeide/plugins/com.st.stm32cube.ide.mcu.externaltools.gnu-tools-for-stm32.10.3-2021.10.win32_1.0.100.202210260954/tools/bin/../lib/gcc/arm-none-eabi/10.3.1/../../../../arm-none-eabi/lib/thumb/v7e-m+fp/hard\libc_nano.a(lib_a-signal.o)
                0x00000000080098a4                raise
 .text._kill_r  0x00000000080098b4       0x24 f:/tri/stm32cubeide/stm32cubeide_1.11.0/stm32cubeide/plugins/com.st.stm32cube.ide.mcu.externaltools.gnu-tools-for-stm32.10.3-2021.10.win32_1.0.100.202210260954/tools/bin/../lib/gcc/arm-none-eabi/10.3.1/../../../../arm-none-eabi/lib/thumb/v7e-m+fp/hard\libc_nano.a(lib_a-signalr.o)
                0x00000000080098b4                _kill_r
 .text._getpid_r
                0x00000000080098d8        0x4 f:/tri/stm32cubeide/stm32cubeide_1.11.0/stm32cubeide/plugins/com.st.stm32cube.ide.mcu.externaltools.gnu-tools-for-stm32.10.3-2021.10.win32_1.0.100.202210260954/tools/bin/../lib/gcc/arm-none-eabi/10.3.1/../../../../arm-none-eabi/lib/thumb/v7e-m+fp/hard\libc_nano.a(lib_a-signalr.o)
                0x00000000080098d8                _getpid_r
 .text.__sread  0x00000000080098dc       0x22 f:/tri/stm32cubeide/stm32cubeide_1.11.0/stm32cubeide/plugins/com.st.stm32cube.ide.mcu.externaltools.gnu-tools-for-stm32.10.3-2021.10.win32_1.0.100.202210260954/tools/bin/../lib/gcc/arm-none-eabi/10.3.1/../../../../arm-none-eabi/lib/thumb/v7e-m+fp/hard\libc_nano.a(lib_a-stdio.o)
                0x00000000080098dc                __sread
 .text.__swrite
                0x00000000080098fe       0x38 f:/tri/stm32cubeide/stm32cubeide_1.11.0/stm32cubeide/plugins/com.st.stm32cube.ide.mcu.externaltools.gnu-tools-for-stm32.10.3-2021.10.win32_1.0.100.202210260954/tools/bin/../lib/gcc/arm-none-eabi/10.3.1/../../../../arm-none-eabi/lib/thumb/v7e-m+fp/hard\libc_nano.a(lib_a-stdio.o)
                0x00000000080098fe                __swrite
 .text.__sseek  0x0000000008009936       0x24 f:/tri/stm32cubeide/stm32cubeide_1.11.0/stm32cubeide/plugins/com.st.stm32cube.ide.mcu.externaltools.gnu-tools-for-stm32.10.3-2021.10.win32_1.0.100.202210260954/tools/bin/../lib/gcc/arm-none-eabi/10.3.1/../../../../arm-none-eabi/lib/thumb/v7e-m+fp/hard\libc_nano.a(lib_a-stdio.o)
                0x0000000008009936                __sseek
 .text.__sclose
                0x000000000800995a        0x8 f:/tri/stm32cubeide/stm32cubeide_1.11.0/stm32cubeide/plugins/com.st.stm32cube.ide.mcu.externaltools.gnu-tools-for-stm32.10.3-2021.10.win32_1.0.100.202210260954/tools/bin/../lib/gcc/arm-none-eabi/10.3.1/../../../../arm-none-eabi/lib/thumb/v7e-m+fp/hard\libc_nano.a(lib_a-stdio.o)
                0x000000000800995a                __sclose
 *fill*         0x0000000008009962        0x2 
 .text._write_r
                0x0000000008009964       0x24 f:/tri/stm32cubeide/stm32cubeide_1.11.0/stm32cubeide/plugins/com.st.stm32cube.ide.mcu.externaltools.gnu-tools-for-stm32.10.3-2021.10.win32_1.0.100.202210260954/tools/bin/../lib/gcc/arm-none-eabi/10.3.1/../../../../arm-none-eabi/lib/thumb/v7e-m+fp/hard\libc_nano.a(lib_a-writer.o)
                0x0000000008009964                _write_r
 .text._close_r
                0x0000000008009988       0x20 f:/tri/stm32cubeide/stm32cubeide_1.11.0/stm32cubeide/plugins/com.st.stm32cube.ide.mcu.externaltools.gnu-tools-for-stm32.10.3-2021.10.win32_1.0.100.202210260954/tools/bin/../lib/gcc/arm-none-eabi/10.3.1/../../../../arm-none-eabi/lib/thumb/v7e-m+fp/hard\libc_nano.a(lib_a-closer.o)
                0x0000000008009988                _close_r
 .text._fstat_r
                0x00000000080099a8       0x24 f:/tri/stm32cubeide/stm32cubeide_1.11.0/stm32cubeide/plugins/com.st.stm32cube.ide.mcu.externaltools.gnu-tools-for-stm32.10.3-2021.10.win32_1.0.100.202210260954/tools/bin/../lib/gcc/arm-none-eabi/10.3.1/../../../../arm-none-eabi/lib/thumb/v7e-m+fp/hard\libc_nano.a(lib_a-fstatr.o)
                0x00000000080099a8                _fstat_r
 .text._isatty_r
                0x00000000080099cc       0x20 f:/tri/stm32cubeide/stm32cubeide_1.11.0/stm32cubeide/plugins/com.st.stm32cube.ide.mcu.externaltools.gnu-tools-for-stm32.10.3-2021.10.win32_1.0.100.202210260954/tools/bin/../lib/gcc/arm-none-eabi/10.3.1/../../../../arm-none-eabi/lib/thumb/v7e-m+fp/hard\libc_nano.a(lib_a-isattyr.o)
                0x00000000080099cc                _isatty_r
 .text._lseek_r
                0x00000000080099ec       0x24 f:/tri/stm32cubeide/stm32cubeide_1.11.0/stm32cubeide/plugins/com.st.stm32cube.ide.mcu.externaltools.gnu-tools-for-stm32.10.3-2021.10.win32_1.0.100.202210260954/tools/bin/../lib/gcc/arm-none-eabi/10.3.1/../../../../arm-none-eabi/lib/thumb/v7e-m+fp/hard\libc_nano.a(lib_a-lseekr.o)
                0x00000000080099ec                _lseek_r
 .text._read_r  0x0000000008009a10       0x24 f:/tri/stm32cubeide/stm32cubeide_1.11.0/stm32cubeide/plugins/com.st.stm32cube.ide.mcu.externaltools.gnu-tools-for-stm32.10.3-2021.10.win32_1.0.100.202210260954/tools/bin/../lib/gcc/arm-none-eabi/10.3.1/../../../../arm-none-eabi/lib/thumb/v7e-m+fp/hard\libc_nano.a(lib_a-readr.o)
                0x0000000008009a10                _read_r
 *(.glue_7)
 .glue_7        0x0000000008009a34        0x0 linker stubs
 *(.glue_7t)
 .glue_7t       0x0000000008009a34        0x0 linker stubs
 *(.eh_frame)
 .eh_frame      0x0000000008009a34        0x0 f:/tri/stm32cubeide/stm32cubeide_1.11.0/stm32cubeide/plugins/com.st.stm32cube.ide.mcu.externaltools.gnu-tools-for-stm32.10.3-2021.10.win32_1.0.100.202210260954/tools/bin/../lib/gcc/arm-none-eabi/10.3.1/thumb/v7e-m+fp/hard/crtbegin.o
 *(.init)
 .init          0x0000000008009a34        0x4 f:/tri/stm32cubeide/stm32cubeide_1.11.0/stm32cubeide/plugins/com.st.stm32cube.ide.mcu.externaltools.gnu-tools-for-stm32.10.3-2021.10.win32_1.0.100.202210260954/tools/bin/../lib/gcc/arm-none-eabi/10.3.1/thumb/v7e-m+fp/hard/crti.o
                0x0000000008009a34                _init
 .init          0x0000000008009a38        0x8 f:/tri/stm32cubeide/stm32cubeide_1.11.0/stm32cubeide/plugins/com.st.stm32cube.ide.mcu.externaltools.gnu-tools-for-stm32.10.3-2021.10.win32_1.0.100.202210260954/tools/bin/../lib/gcc/arm-none-eabi/10.3.1/thumb/v7e-m+fp/hard/crtn.o
 *(.fini)
 .fini          0x0000000008009a40        0x4 f:/tri/stm32cubeide/stm32cubeide_1.11.0/stm32cubeide/plugins/com.st.stm32cube.ide.mcu.externaltools.gnu-tools-for-stm32.10.3-2021.10.win32_1.0.100.202210260954/tools/bin/../lib/gcc/arm-none-eabi/10.3.1/thumb/v7e-m+fp/hard/crti.o
                0x0000000008009a40                _fini
 .fini          0x0000000008009a44        0x8 f:/tri/stm32cubeide/stm32cubeide_1.11.0/stm32cubeide/plugins/com.st.stm32cube.ide.mcu.externaltools.gnu-tools-for-stm32.10.3-2021.10.win32_1.0.100.202210260954/tools/bin/../lib/gcc/arm-none-eabi/10.3.1/thumb/v7e-m+fp/hard/crtn.o
                0x0000000008009a4c                . = ALIGN (0x4)
                0x0000000008009a4c                _etext = .

.vfp11_veneer   0x0000000008009a4c        0x0
 .vfp11_veneer  0x0000000008009a4c        0x0 linker stubs

.v4_bx          0x0000000008009a4c        0x0
 .v4_bx         0x0000000008009a4c        0x0 linker stubs

.iplt           0x0000000008009a4c        0x0
 .iplt          0x0000000008009a4c        0x0 f:/tri/stm32cubeide/stm32cubeide_1.11.0/stm32cubeide/plugins/com.st.stm32cube.ide.mcu.externaltools.gnu-tools-for-stm32.10.3-2021.10.win32_1.0.100.202210260954/tools/bin/../lib/gcc/arm-none-eabi/10.3.1/thumb/v7e-m+fp/hard/crtbegin.o

.rodata         0x0000000008009a50      0x5a4
                0x0000000008009a50                . = ALIGN (0x4)
 *(.rodata)
 .rodata        0x0000000008009a50       0xaa ./Core/Src/main.o
 *fill*         0x0000000008009afa        0x2 
 .rodata        0x0000000008009afc        0x5 ./Middlewares/Third_Party/FreeRTOS/Source/tasks.o
 *fill*         0x0000000008009b01        0x3 
 .rodata        0x0000000008009b04        0xd ./Middlewares/Third_Party/FreeRTOS/Source/timers.o
 *(.rodata*)
 *fill*         0x0000000008009b11        0x3 
 .rodata.defaultTask_attributes
                0x0000000008009b14       0x24 ./Core/Src/main.o
                0x0000000008009b14                defaultTask_attributes
 .rodata.myTask02_attributes
                0x0000000008009b38       0x24 ./Core/Src/main.o
                0x0000000008009b38                myTask02_attributes
 .rodata.task_helloTask_attributes
                0x0000000008009b5c       0x24 ./Core/Src/main.o
                0x0000000008009b5c                task_helloTask_attributes
 .rodata.putQueue_attributes
                0x0000000008009b80       0x24 ./Core/Src/main.o
                0x0000000008009b80                putQueue_attributes
 .rodata.temp_queue_attributes
                0x0000000008009ba4       0x18 ./Core/Src/main.o
                0x0000000008009ba4                temp_queue_attributes
 .rodata.myTimer01_attributes
                0x0000000008009bbc       0x10 ./Core/Src/main.o
                0x0000000008009bbc                myTimer01_attributes
 .rodata.UART_lock_attributes
                0x0000000008009bcc       0x10 ./Core/Src/main.o
                0x0000000008009bcc                UART_lock_attributes
 .rodata.myCountingSem01_attributes
                0x0000000008009bdc       0x10 ./Core/Src/main.o
                0x0000000008009bdc                myCountingSem01_attributes
 .rodata.read_sensor_status_attributes
                0x0000000008009bec       0x10 ./Core/Src/main.o
                0x0000000008009bec                read_sensor_status_attributes
 .rodata.__FUNCTION__.0
                0x0000000008009bfc        0xf ./Core/Src/main.o
 *fill*         0x0000000008009c0b        0x1 
 .rodata.AHBPrescTable
                0x0000000008009c0c       0x10 ./Core/Src/system_stm32f4xx.o
                0x0000000008009c0c                AHBPrescTable
 .rodata._global_impure_ptr
                0x0000000008009c1c        0x4 f:/tri/stm32cubeide/stm32cubeide_1.11.0/stm32cubeide/plugins/com.st.stm32cube.ide.mcu.externaltools.gnu-tools-for-stm32.10.3-2021.10.win32_1.0.100.202210260954/tools/bin/../lib/gcc/arm-none-eabi/10.3.1/../../../../arm-none-eabi/lib/thumb/v7e-m+fp/hard\libc_nano.a(lib_a-impure.o)
                0x0000000008009c1c                _global_impure_ptr
 .rodata._printf_float.str1.1
                0x0000000008009c20       0x12 f:/tri/stm32cubeide/stm32cubeide_1.11.0/stm32cubeide/plugins/com.st.stm32cube.ide.mcu.externaltools.gnu-tools-for-stm32.10.3-2021.10.win32_1.0.100.202210260954/tools/bin/../lib/gcc/arm-none-eabi/10.3.1/../../../../arm-none-eabi/lib/thumb/v7e-m+fp/hard\libc_nano.a(lib_a-nano-vfprintf_float.o)
 .rodata._printf_i.str1.1
                0x0000000008009c32       0x22 f:/tri/stm32cubeide/stm32cubeide_1.11.0/stm32cubeide/plugins/com.st.stm32cube.ide.mcu.externaltools.gnu-tools-for-stm32.10.3-2021.10.win32_1.0.100.202210260954/tools/bin/../lib/gcc/arm-none-eabi/10.3.1/../../../../arm-none-eabi/lib/thumb/v7e-m+fp/hard\libc_nano.a(lib_a-nano-vfprintf_i.o)
 .rodata._dtoa_r.str1.1
                0x0000000008009c54       0x90 f:/tri/stm32cubeide/stm32cubeide_1.11.0/stm32cubeide/plugins/com.st.stm32cube.ide.mcu.externaltools.gnu-tools-for-stm32.10.3-2021.10.win32_1.0.100.202210260954/tools/bin/../lib/gcc/arm-none-eabi/10.3.1/../../../../arm-none-eabi/lib/thumb/v7e-m+fp/hard\libc_nano.a(lib_a-dtoa.o)
                                         0x92 (size before relaxing)
 .rodata._Balloc.str1.1
                0x0000000008009ce4       0x5c f:/tri/stm32cubeide/stm32cubeide_1.11.0/stm32cubeide/plugins/com.st.stm32cube.ide.mcu.externaltools.gnu-tools-for-stm32.10.3-2021.10.win32_1.0.100.202210260954/tools/bin/../lib/gcc/arm-none-eabi/10.3.1/../../../../arm-none-eabi/lib/thumb/v7e-m+fp/hard\libc_nano.a(lib_a-mprec.o)
                                         0x73 (size before relaxing)
 .rodata.__multadd.str1.1
                0x0000000008009d40       0x11 f:/tri/stm32cubeide/stm32cubeide_1.11.0/stm32cubeide/plugins/com.st.stm32cube.ide.mcu.externaltools.gnu-tools-for-stm32.10.3-2021.10.win32_1.0.100.202210260954/tools/bin/../lib/gcc/arm-none-eabi/10.3.1/../../../../arm-none-eabi/lib/thumb/v7e-m+fp/hard\libc_nano.a(lib_a-mprec.o)
 .rodata.__mprec_bigtens
                0x0000000008009d40       0x28 f:/tri/stm32cubeide/stm32cubeide_1.11.0/stm32cubeide/plugins/com.st.stm32cube.ide.mcu.externaltools.gnu-tools-for-stm32.10.3-2021.10.win32_1.0.100.202210260954/tools/bin/../lib/gcc/arm-none-eabi/10.3.1/../../../../arm-none-eabi/lib/thumb/v7e-m+fp/hard\libc_nano.a(lib_a-mprec.o)
                0x0000000008009d40                __mprec_bigtens
 .rodata.__mprec_tens
                0x0000000008009d68       0xc8 f:/tri/stm32cubeide/stm32cubeide_1.11.0/stm32cubeide/plugins/com.st.stm32cube.ide.mcu.externaltools.gnu-tools-for-stm32.10.3-2021.10.win32_1.0.100.202210260954/tools/bin/../lib/gcc/arm-none-eabi/10.3.1/../../../../arm-none-eabi/lib/thumb/v7e-m+fp/hard\libc_nano.a(lib_a-mprec.o)
                0x0000000008009d68                __mprec_tens
 .rodata.p05.0  0x0000000008009e30        0xc f:/tri/stm32cubeide/stm32cubeide_1.11.0/stm32cubeide/plugins/com.st.stm32cube.ide.mcu.externaltools.gnu-tools-for-stm32.10.3-2021.10.win32_1.0.100.202210260954/tools/bin/../lib/gcc/arm-none-eabi/10.3.1/../../../../arm-none-eabi/lib/thumb/v7e-m+fp/hard\libc_nano.a(lib_a-mprec.o)
 .rodata._svfprintf_r.str1.1
                0x0000000008009e3c       0x11 f:/tri/stm32cubeide/stm32cubeide_1.11.0/stm32cubeide/plugins/com.st.stm32cube.ide.mcu.externaltools.gnu-tools-for-stm32.10.3-2021.10.win32_1.0.100.202210260954/tools/bin/../lib/gcc/arm-none-eabi/10.3.1/../../../../arm-none-eabi/lib/thumb/v7e-m+fp/hard\libc_nano.a(lib_a-nano-svfprintf.o)
 .rodata.__assert_func.str1.1
                0x0000000008009e4d       0x3c f:/tri/stm32cubeide/stm32cubeide_1.11.0/stm32cubeide/plugins/com.st.stm32cube.ide.mcu.externaltools.gnu-tools-for-stm32.10.3-2021.10.win32_1.0.100.202210260954/tools/bin/../lib/gcc/arm-none-eabi/10.3.1/../../../../arm-none-eabi/lib/thumb/v7e-m+fp/hard\libc_nano.a(lib_a-assert.o)
                                         0x3d (size before relaxing)
 .rodata._setlocale_r.str1.1
                0x0000000008009e89        0x8 f:/tri/stm32cubeide/stm32cubeide_1.11.0/stm32cubeide/plugins/com.st.stm32cube.ide.mcu.externaltools.gnu-tools-for-stm32.10.3-2021.10.win32_1.0.100.202210260954/tools/bin/../lib/gcc/arm-none-eabi/10.3.1/../../../../arm-none-eabi/lib/thumb/v7e-m+fp/hard\libc_nano.a(lib_a-locale.o)
                                          0x9 (size before relaxing)
 .rodata.str1.1
                0x0000000008009e91        0x2 f:/tri/stm32cubeide/stm32cubeide_1.11.0/stm32cubeide/plugins/com.st.stm32cube.ide.mcu.externaltools.gnu-tools-for-stm32.10.3-2021.10.win32_1.0.100.202210260954/tools/bin/../lib/gcc/arm-none-eabi/10.3.1/../../../../arm-none-eabi/lib/thumb/v7e-m+fp/hard\libc_nano.a(lib_a-locale.o)
 .rodata._vfprintf_r.str1.1
                0x0000000008009e93       0x11 f:/tri/stm32cubeide/stm32cubeide_1.11.0/stm32cubeide/plugins/com.st.stm32cube.ide.mcu.externaltools.gnu-tools-for-stm32.10.3-2021.10.win32_1.0.100.202210260954/tools/bin/../lib/gcc/arm-none-eabi/10.3.1/../../../../arm-none-eabi/lib/thumb/v7e-m+fp/hard\libc_nano.a(lib_a-nano-vfprintf.o)
 .rodata._ctype_
                0x0000000008009e93      0x101 f:/tri/stm32cubeide/stm32cubeide_1.11.0/stm32cubeide/plugins/com.st.stm32cube.ide.mcu.externaltools.gnu-tools-for-stm32.10.3-2021.10.win32_1.0.100.202210260954/tools/bin/../lib/gcc/arm-none-eabi/10.3.1/../../../../arm-none-eabi/lib/thumb/v7e-m+fp/hard\libc_nano.a(lib_a-ctype_.o)
                0x0000000008009e93                _ctype_
 .rodata.__sf_fake_stderr
                0x0000000008009f94       0x20 f:/tri/stm32cubeide/stm32cubeide_1.11.0/stm32cubeide/plugins/com.st.stm32cube.ide.mcu.externaltools.gnu-tools-for-stm32.10.3-2021.10.win32_1.0.100.202210260954/tools/bin/../lib/gcc/arm-none-eabi/10.3.1/../../../../arm-none-eabi/lib/thumb/v7e-m+fp/hard\libc_nano.a(lib_a-findfp.o)
                0x0000000008009f94                __sf_fake_stderr
 .rodata.__sf_fake_stdin
                0x0000000008009fb4       0x20 f:/tri/stm32cubeide/stm32cubeide_1.11.0/stm32cubeide/plugins/com.st.stm32cube.ide.mcu.externaltools.gnu-tools-for-stm32.10.3-2021.10.win32_1.0.100.202210260954/tools/bin/../lib/gcc/arm-none-eabi/10.3.1/../../../../arm-none-eabi/lib/thumb/v7e-m+fp/hard\libc_nano.a(lib_a-findfp.o)
                0x0000000008009fb4                __sf_fake_stdin
 .rodata.__sf_fake_stdout
                0x0000000008009fd4       0x20 f:/tri/stm32cubeide/stm32cubeide_1.11.0/stm32cubeide/plugins/com.st.stm32cube.ide.mcu.externaltools.gnu-tools-for-stm32.10.3-2021.10.win32_1.0.100.202210260954/tools/bin/../lib/gcc/arm-none-eabi/10.3.1/../../../../arm-none-eabi/lib/thumb/v7e-m+fp/hard\libc_nano.a(lib_a-findfp.o)
                0x0000000008009fd4                __sf_fake_stdout
                0x0000000008009ff4                . = ALIGN (0x4)

.ARM.extab      0x0000000008009ff4        0x0
                0x0000000008009ff4                . = ALIGN (0x4)
 *(.ARM.extab* .gnu.linkonce.armextab.*)
                0x0000000008009ff4                . = ALIGN (0x4)

.ARM            0x0000000008009ff4        0x8
                0x0000000008009ff4                . = ALIGN (0x4)
                0x0000000008009ff4                __exidx_start = .
 *(.ARM.exidx*)
 .ARM.exidx     0x0000000008009ff4        0x8 f:/tri/stm32cubeide/stm32cubeide_1.11.0/stm32cubeide/plugins/com.st.stm32cube.ide.mcu.externaltools.gnu-tools-for-stm32.10.3-2021.10.win32_1.0.100.202210260954/tools/bin/../lib/gcc/arm-none-eabi/10.3.1/thumb/v7e-m+fp/hard\libgcc.a(_udivmoddi4.o)
                0x0000000008009ffc                __exidx_end = .
                0x0000000008009ffc                . = ALIGN (0x4)

.rel.dyn        0x0000000008009ffc        0x0
 .rel.iplt      0x0000000008009ffc        0x0 f:/tri/stm32cubeide/stm32cubeide_1.11.0/stm32cubeide/plugins/com.st.stm32cube.ide.mcu.externaltools.gnu-tools-for-stm32.10.3-2021.10.win32_1.0.100.202210260954/tools/bin/../lib/gcc/arm-none-eabi/10.3.1/thumb/v7e-m+fp/hard/crtbegin.o

.preinit_array  0x0000000008009ffc        0x0
                0x0000000008009ffc                . = ALIGN (0x4)
                0x0000000008009ffc                PROVIDE (__preinit_array_start = .)
 *(.preinit_array*)
                0x0000000008009ffc                PROVIDE (__preinit_array_end = .)
                0x0000000008009ffc                . = ALIGN (0x4)

.init_array     0x0000000008009ffc        0x4
                0x0000000008009ffc                . = ALIGN (0x4)
                0x0000000008009ffc                PROVIDE (__init_array_start = .)
 *(SORT_BY_NAME(.init_array.*))
 *(.init_array*)
 .init_array    0x0000000008009ffc        0x4 f:/tri/stm32cubeide/stm32cubeide_1.11.0/stm32cubeide/plugins/com.st.stm32cube.ide.mcu.externaltools.gnu-tools-for-stm32.10.3-2021.10.win32_1.0.100.202210260954/tools/bin/../lib/gcc/arm-none-eabi/10.3.1/thumb/v7e-m+fp/hard/crtbegin.o
                0x000000000800a000                PROVIDE (__init_array_end = .)
                0x000000000800a000                . = ALIGN (0x4)

.fini_array     0x000000000800a000        0x4
                0x000000000800a000                . = ALIGN (0x4)
                [!provide]                        PROVIDE (__fini_array_start = .)
 *(SORT_BY_NAME(.fini_array.*))
 *(.fini_array*)